<?xml version="1.0" encoding="ISO-8859-1" ?>
<link_info>
   <banner>TI ARM Linker PC v20.2.7.LTS</banner>
   <copyright>Copyright (c) 1996-2018 Texas Instruments Incorporated</copyright>
   <link_time>0x65756b2a</link_time>
   <link_errors>0x0</link_errors>
   <output_file>558_scheduler.out</output_file>
   <entry_point>
      <name>_c_int00_noargs</name>
      <address>0x40cd</address>
   </entry_point>
   <input_file_list>
      <input_file id="fl-2">
         <path>.\</path>
         <kind>object</kind>
         <file>Timer.obj</file>
         <name>Timer.obj</name>
      </input_file>
      <input_file id="fl-3">
         <path>.\</path>
         <kind>object</kind>
         <file>adc.obj</file>
         <name>adc.obj</name>
      </input_file>
      <input_file id="fl-4">
         <path>.\</path>
         <kind>object</kind>
         <file>cliff.obj</file>
         <name>cliff.obj</name>
      </input_file>
      <input_file id="fl-5">
         <path>.\</path>
         <kind>object</kind>
         <file>hello_task.obj</file>
         <name>hello_task.obj</name>
      </input_file>
      <input_file id="fl-6">
         <path>.\</path>
         <kind>object</kind>
         <file>lab6_template.obj</file>
         <name>lab6_template.obj</name>
      </input_file>
      <input_file id="fl-7">
         <path>.\</path>
         <kind>object</kind>
         <file>lcd.obj</file>
         <name>lcd.obj</name>
      </input_file>
      <input_file id="fl-8">
         <path>.\</path>
         <kind>object</kind>
         <file>main.obj</file>
         <name>main.obj</name>
      </input_file>
      <input_file id="fl-9">
         <path>.\</path>
         <kind>object</kind>
         <file>movement.obj</file>
         <name>movement.obj</name>
      </input_file>
      <input_file id="fl-a">
         <path>.\</path>
         <kind>object</kind>
         <file>open_interface.obj</file>
         <name>open_interface.obj</name>
      </input_file>
      <input_file id="fl-b">
         <path>.\</path>
         <kind>object</kind>
         <file>ping_template.obj</file>
         <name>ping_template.obj</name>
      </input_file>
      <input_file id="fl-c">
         <path>.\</path>
         <kind>object</kind>
         <file>resetSimulation.obj</file>
         <name>resetSimulation.obj</name>
      </input_file>
      <input_file id="fl-d">
         <path>.\</path>
         <kind>object</kind>
         <file>scan.obj</file>
         <name>scan.obj</name>
      </input_file>
      <input_file id="fl-e">
         <path>.\</path>
         <kind>object</kind>
         <file>servo.obj</file>
         <name>servo.obj</name>
      </input_file>
      <input_file id="fl-f">
         <path>.\</path>
         <kind>object</kind>
         <file>startup_ccs.obj</file>
         <name>startup_ccs.obj</name>
      </input_file>
      <input_file id="fl-10">
         <path>.\</path>
         <kind>object</kind>
         <file>uart-interrupt.obj</file>
         <name>uart-interrupt.obj</name>
      </input_file>
      <input_file id="fl-11">
         <path>.\</path>
         <kind>object</kind>
         <file>uart.obj</file>
         <name>uart.obj</name>
      </input_file>
      <input_file id="fl-12">
         <path>.\drivers\</path>
         <kind>object</kind>
         <file>rtos_hw_drivers.obj</file>
         <name>rtos_hw_drivers.obj</name>
      </input_file>
      <input_file id="fl-13">
         <path>.\third_party\FreeRTOS\Source\</path>
         <kind>object</kind>
         <file>croutine.obj</file>
         <name>croutine.obj</name>
      </input_file>
      <input_file id="fl-14">
         <path>.\third_party\FreeRTOS\Source\</path>
         <kind>object</kind>
         <file>list.obj</file>
         <name>list.obj</name>
      </input_file>
      <input_file id="fl-15">
         <path>.\third_party\FreeRTOS\Source\</path>
         <kind>object</kind>
         <file>queue.obj</file>
         <name>queue.obj</name>
      </input_file>
      <input_file id="fl-16">
         <path>.\third_party\FreeRTOS\Source\</path>
         <kind>object</kind>
         <file>tasks.obj</file>
         <name>tasks.obj</name>
      </input_file>
      <input_file id="fl-17">
         <path>.\third_party\FreeRTOS\Source\</path>
         <kind>object</kind>
         <file>timers.obj</file>
         <name>timers.obj</name>
      </input_file>
      <input_file id="fl-18">
         <path>.\third_party\FreeRTOS\Source\portable\CCS\ARM_CM4F\</path>
         <kind>object</kind>
         <file>port.obj</file>
         <name>port.obj</name>
      </input_file>
      <input_file id="fl-19">
         <path>.\third_party\FreeRTOS\Source\portable\CCS\ARM_CM4F\</path>
         <kind>object</kind>
         <file>portasm.obj</file>
         <name>portasm.obj</name>
      </input_file>
      <input_file id="fl-1a">
         <path>.\third_party\FreeRTOS\Source\portable\MemMang\</path>
         <kind>object</kind>
         <file>heap_2.obj</file>
         <name>heap_2.obj</name>
      </input_file>
      <input_file id="fl-1b">
         <path>.\utils\</path>
         <kind>object</kind>
         <file>uartstdio.obj</file>
         <name>uartstdio.obj</name>
      </input_file>
      <input_file id="fl-1c">
         <path>.\utils\</path>
         <kind>object</kind>
         <file>ustdlib.obj</file>
         <name>ustdlib.obj</name>
      </input_file>
      <input_file id="fl-21">
         <kind>object</kind>
         <file>&lt;internal&gt;</file>
         <name>&lt;internal&gt;</name>
      </input_file>
      <input_file id="fl-d7">
         <path>C:\ti\ccs1230\ccs\tools\compiler\ti-cgt-arm_20.2.7.LTS\lib\</path>
         <kind>archive</kind>
         <file>rtsv7M4_T_le_v4SPD16_eabi.lib</file>
         <name>s_cosf.c.obj</name>
      </input_file>
      <input_file id="fl-d8">
         <path>C:\ti\ccs1230\ccs\tools\compiler\ti-cgt-arm_20.2.7.LTS\lib\</path>
         <kind>archive</kind>
         <file>rtsv7M4_T_le_v4SPD16_eabi.lib</file>
         <name>e_pow.c.obj</name>
      </input_file>
      <input_file id="fl-d9">
         <path>C:\ti\ccs1230\ccs\tools\compiler\ti-cgt-arm_20.2.7.LTS\lib\</path>
         <kind>archive</kind>
         <file>rtsv7M4_T_le_v4SPD16_eabi.lib</file>
         <name>e_sqrt.c.obj</name>
      </input_file>
      <input_file id="fl-da">
         <path>C:\ti\ccs1230\ccs\tools\compiler\ti-cgt-arm_20.2.7.LTS\lib\</path>
         <kind>archive</kind>
         <file>rtsv7M4_T_le_v4SPD16_eabi.lib</file>
         <name>s_scalbn.c.obj</name>
      </input_file>
      <input_file id="fl-db">
         <path>C:\ti\ccs1230\ccs\tools\compiler\ti-cgt-arm_20.2.7.LTS\lib\</path>
         <kind>archive</kind>
         <file>rtsv7M4_T_le_v4SPD16_eabi.lib</file>
         <name>printf.c.obj</name>
      </input_file>
      <input_file id="fl-dc">
         <path>C:\ti\ccs1230\ccs\tools\compiler\ti-cgt-arm_20.2.7.LTS\lib\</path>
         <kind>archive</kind>
         <file>rtsv7M4_T_le_v4SPD16_eabi.lib</file>
         <name>_printfi.c.obj</name>
      </input_file>
      <input_file id="fl-dd">
         <path>C:\ti\ccs1230\ccs\tools\compiler\ti-cgt-arm_20.2.7.LTS\lib\</path>
         <kind>archive</kind>
         <file>rtsv7M4_T_le_v4SPD16_eabi.lib</file>
         <name>sprintf.c.obj</name>
      </input_file>
      <input_file id="fl-de">
         <path>C:\ti\ccs1230\ccs\tools\compiler\ti-cgt-arm_20.2.7.LTS\lib\</path>
         <kind>archive</kind>
         <file>rtsv7M4_T_le_v4SPD16_eabi.lib</file>
         <name>vsnprintf.c.obj</name>
      </input_file>
      <input_file id="fl-df">
         <path>C:\ti\ccs1230\ccs\tools\compiler\ti-cgt-arm_20.2.7.LTS\lib\</path>
         <kind>archive</kind>
         <file>rtsv7M4_T_le_v4SPD16_eabi.lib</file>
         <name>fputc.c.obj</name>
      </input_file>
      <input_file id="fl-e0">
         <path>C:\ti\ccs1230\ccs\tools\compiler\ti-cgt-arm_20.2.7.LTS\lib\</path>
         <kind>archive</kind>
         <file>rtsv7M4_T_le_v4SPD16_eabi.lib</file>
         <name>fputs.c.obj</name>
      </input_file>
      <input_file id="fl-e1">
         <path>C:\ti\ccs1230\ccs\tools\compiler\ti-cgt-arm_20.2.7.LTS\lib\</path>
         <kind>archive</kind>
         <file>rtsv7M4_T_le_v4SPD16_eabi.lib</file>
         <name>_io_perm.c.obj</name>
      </input_file>
      <input_file id="fl-e2">
         <path>C:\ti\ccs1230\ccs\tools\compiler\ti-cgt-arm_20.2.7.LTS\lib\</path>
         <kind>archive</kind>
         <file>rtsv7M4_T_le_v4SPD16_eabi.lib</file>
         <name>setvbuf.c.obj</name>
      </input_file>
      <input_file id="fl-e3">
         <path>C:\ti\ccs1230\ccs\tools\compiler\ti-cgt-arm_20.2.7.LTS\lib\</path>
         <kind>archive</kind>
         <file>rtsv7M4_T_le_v4SPD16_eabi.lib</file>
         <name>fd_add_t2.asm.obj</name>
      </input_file>
      <input_file id="fl-e4">
         <path>C:\ti\ccs1230\ccs\tools\compiler\ti-cgt-arm_20.2.7.LTS\lib\</path>
         <kind>archive</kind>
         <file>rtsv7M4_T_le_v4SPD16_eabi.lib</file>
         <name>fd_cmp_t2.asm.obj</name>
      </input_file>
      <input_file id="fl-e5">
         <path>C:\ti\ccs1230\ccs\tools\compiler\ti-cgt-arm_20.2.7.LTS\lib\</path>
         <kind>archive</kind>
         <file>rtsv7M4_T_le_v4SPD16_eabi.lib</file>
         <name>fd_div_t2.asm.obj</name>
      </input_file>
      <input_file id="fl-e6">
         <path>C:\ti\ccs1230\ccs\tools\compiler\ti-cgt-arm_20.2.7.LTS\lib\</path>
         <kind>archive</kind>
         <file>rtsv7M4_T_le_v4SPD16_eabi.lib</file>
         <name>fd_mul_t2.asm.obj</name>
      </input_file>
      <input_file id="fl-e7">
         <path>C:\ti\ccs1230\ccs\tools\compiler\ti-cgt-arm_20.2.7.LTS\lib\</path>
         <kind>archive</kind>
         <file>rtsv7M4_T_le_v4SPD16_eabi.lib</file>
         <name>fd_toi_t2.asm.obj</name>
      </input_file>
      <input_file id="fl-e8">
         <path>C:\ti\ccs1230\ccs\tools\compiler\ti-cgt-arm_20.2.7.LTS\lib\</path>
         <kind>archive</kind>
         <file>rtsv7M4_T_le_v4SPD16_eabi.lib</file>
         <name>fd_tos_t2.asm.obj</name>
      </input_file>
      <input_file id="fl-e9">
         <path>C:\ti\ccs1230\ccs\tools\compiler\ti-cgt-arm_20.2.7.LTS\lib\</path>
         <kind>archive</kind>
         <file>rtsv7M4_T_le_v4SPD16_eabi.lib</file>
         <name>fs_tod_t2.asm.obj</name>
      </input_file>
      <input_file id="fl-ea">
         <path>C:\ti\ccs1230\ccs\tools\compiler\ti-cgt-arm_20.2.7.LTS\lib\</path>
         <kind>archive</kind>
         <file>rtsv7M4_T_le_v4SPD16_eabi.lib</file>
         <name>i_tofd_t2.asm.obj</name>
      </input_file>
      <input_file id="fl-eb">
         <path>C:\ti\ccs1230\ccs\tools\compiler\ti-cgt-arm_20.2.7.LTS\lib\</path>
         <kind>archive</kind>
         <file>rtsv7M4_T_le_v4SPD16_eabi.lib</file>
         <name>memcpy_t2.asm.obj</name>
      </input_file>
      <input_file id="fl-ec">
         <path>C:\ti\ccs1230\ccs\tools\compiler\ti-cgt-arm_20.2.7.LTS\lib\</path>
         <kind>archive</kind>
         <file>rtsv7M4_T_le_v4SPD16_eabi.lib</file>
         <name>u_tofd_t2.asm.obj</name>
      </input_file>
      <input_file id="fl-ed">
         <path>C:\ti\ccs1230\ccs\tools\compiler\ti-cgt-arm_20.2.7.LTS\lib\</path>
         <kind>archive</kind>
         <file>rtsv7M4_T_le_v4SPD16_eabi.lib</file>
         <name>memset_t2.asm.obj</name>
      </input_file>
      <input_file id="fl-ee">
         <path>C:\ti\ccs1230\ccs\tools\compiler\ti-cgt-arm_20.2.7.LTS\lib\</path>
         <kind>archive</kind>
         <file>rtsv7M4_T_le_v4SPD16_eabi.lib</file>
         <name>u_divt2.asm.obj</name>
      </input_file>
      <input_file id="fl-ef">
         <path>C:\ti\ccs1230\ccs\tools\compiler\ti-cgt-arm_20.2.7.LTS\lib\</path>
         <kind>archive</kind>
         <file>rtsv7M4_T_le_v4SPD16_eabi.lib</file>
         <name>ull_div_t2.asm.obj</name>
      </input_file>
      <input_file id="fl-f0">
         <path>C:\ti\ccs1230\ccs\tools\compiler\ti-cgt-arm_20.2.7.LTS\lib\</path>
         <kind>archive</kind>
         <file>rtsv7M4_T_le_v4SPD16_eabi.lib</file>
         <name>copy_zero_init.c.obj</name>
      </input_file>
      <input_file id="fl-f1">
         <path>C:\ti\ccs1230\ccs\tools\compiler\ti-cgt-arm_20.2.7.LTS\lib\</path>
         <kind>archive</kind>
         <file>rtsv7M4_T_le_v4SPD16_eabi.lib</file>
         <name>copy_decompress_none.c.obj</name>
      </input_file>
      <input_file id="fl-f2">
         <path>C:\ti\ccs1230\ccs\tools\compiler\ti-cgt-arm_20.2.7.LTS\lib\</path>
         <kind>archive</kind>
         <file>rtsv7M4_T_le_v4SPD16_eabi.lib</file>
         <name>copy_decompress_lzss.c.obj</name>
      </input_file>
      <input_file id="fl-f3">
         <path>C:\ti\ccs1230\ccs\tools\compiler\ti-cgt-arm_20.2.7.LTS\lib\</path>
         <kind>archive</kind>
         <file>rtsv7M4_T_le_v4SPD16_eabi.lib</file>
         <name>exit.c.obj</name>
      </input_file>
      <input_file id="fl-f4">
         <path>C:\ti\ccs1230\ccs\tools\compiler\ti-cgt-arm_20.2.7.LTS\lib\</path>
         <kind>archive</kind>
         <file>rtsv7M4_T_le_v4SPD16_eabi.lib</file>
         <name>_lock.c.obj</name>
      </input_file>
      <input_file id="fl-f5">
         <path>C:\ti\ccs1230\ccs\tools\compiler\ti-cgt-arm_20.2.7.LTS\lib\</path>
         <kind>archive</kind>
         <file>rtsv7M4_T_le_v4SPD16_eabi.lib</file>
         <name>_ltoa.c.obj</name>
      </input_file>
      <input_file id="fl-f6">
         <path>C:\ti\ccs1230\ccs\tools\compiler\ti-cgt-arm_20.2.7.LTS\lib\</path>
         <kind>archive</kind>
         <file>rtsv7M4_T_le_v4SPD16_eabi.lib</file>
         <name>atoi.c.obj</name>
      </input_file>
      <input_file id="fl-f7">
         <path>C:\ti\ccs1230\ccs\tools\compiler\ti-cgt-arm_20.2.7.LTS\lib\</path>
         <kind>archive</kind>
         <file>rtsv7M4_T_le_v4SPD16_eabi.lib</file>
         <name>ctype.c.obj</name>
      </input_file>
      <input_file id="fl-f8">
         <path>C:\ti\ccs1230\ccs\tools\compiler\ti-cgt-arm_20.2.7.LTS\lib\</path>
         <kind>archive</kind>
         <file>rtsv7M4_T_le_v4SPD16_eabi.lib</file>
         <name>defs.c.obj</name>
      </input_file>
      <input_file id="fl-f9">
         <path>C:\ti\ccs1230\ccs\tools\compiler\ti-cgt-arm_20.2.7.LTS\lib\</path>
         <kind>archive</kind>
         <file>rtsv7M4_T_le_v4SPD16_eabi.lib</file>
         <name>memccpy.c.obj</name>
      </input_file>
      <input_file id="fl-fa">
         <path>C:\ti\ccs1230\ccs\tools\compiler\ti-cgt-arm_20.2.7.LTS\lib\</path>
         <kind>archive</kind>
         <file>rtsv7M4_T_le_v4SPD16_eabi.lib</file>
         <name>memchr.c.obj</name>
      </input_file>
      <input_file id="fl-fb">
         <path>C:\ti\ccs1230\ccs\tools\compiler\ti-cgt-arm_20.2.7.LTS\lib\</path>
         <kind>archive</kind>
         <file>rtsv7M4_T_le_v4SPD16_eabi.lib</file>
         <name>memory.c.obj</name>
      </input_file>
      <input_file id="fl-fc">
         <path>C:\ti\ccs1230\ccs\tools\compiler\ti-cgt-arm_20.2.7.LTS\lib\</path>
         <kind>archive</kind>
         <file>rtsv7M4_T_le_v4SPD16_eabi.lib</file>
         <name>strchr.c.obj</name>
      </input_file>
      <input_file id="fl-fd">
         <path>C:\ti\ccs1230\ccs\tools\compiler\ti-cgt-arm_20.2.7.LTS\lib\</path>
         <kind>archive</kind>
         <file>rtsv7M4_T_le_v4SPD16_eabi.lib</file>
         <name>strcmp.c.obj</name>
      </input_file>
      <input_file id="fl-fe">
         <path>C:\ti\ccs1230\ccs\tools\compiler\ti-cgt-arm_20.2.7.LTS\lib\</path>
         <kind>archive</kind>
         <file>rtsv7M4_T_le_v4SPD16_eabi.lib</file>
         <name>strcpy.c.obj</name>
      </input_file>
      <input_file id="fl-ff">
         <path>C:\ti\ccs1230\ccs\tools\compiler\ti-cgt-arm_20.2.7.LTS\lib\</path>
         <kind>archive</kind>
         <file>rtsv7M4_T_le_v4SPD16_eabi.lib</file>
         <name>strlen.c.obj</name>
      </input_file>
      <input_file id="fl-100">
         <path>C:\ti\ccs1230\ccs\tools\compiler\ti-cgt-arm_20.2.7.LTS\lib\</path>
         <kind>archive</kind>
         <file>rtsv7M4_T_le_v4SPD16_eabi.lib</file>
         <name>boot_cortex_m.c.obj</name>
      </input_file>
      <input_file id="fl-101">
         <path>C:\ti\ccs1230\ccs\tools\compiler\ti-cgt-arm_20.2.7.LTS\lib\</path>
         <kind>archive</kind>
         <file>rtsv7M4_T_le_v4SPD16_eabi.lib</file>
         <name>write.c.obj</name>
      </input_file>
      <input_file id="fl-102">
         <path>C:\ti\ccs1230\ccs\tools\compiler\ti-cgt-arm_20.2.7.LTS\lib\</path>
         <kind>archive</kind>
         <file>rtsv7M4_T_le_v4SPD16_eabi.lib</file>
         <name>host_device.c.obj</name>
      </input_file>
      <input_file id="fl-103">
         <path>C:\ti\ccs1230\ccs\tools\compiler\ti-cgt-arm_20.2.7.LTS\lib\</path>
         <kind>archive</kind>
         <file>rtsv7M4_T_le_v4SPD16_eabi.lib</file>
         <name>errno.c.obj</name>
      </input_file>
      <input_file id="fl-104">
         <path>C:\ti\ccs1230\ccs\tools\compiler\ti-cgt-arm_20.2.7.LTS\lib\</path>
         <kind>archive</kind>
         <file>rtsv7M4_T_le_v4SPD16_eabi.lib</file>
         <name>wcslen.c.obj</name>
      </input_file>
      <input_file id="fl-105">
         <path>C:\ti\ccs1230\ccs\tools\compiler\ti-cgt-arm_20.2.7.LTS\lib\</path>
         <kind>archive</kind>
         <file>rtsv7M4_T_le_v4SPD16_eabi.lib</file>
         <name>s_copysign.c.obj</name>
      </input_file>
      <input_file id="fl-106">
         <path>C:\ti\ccs1230\ccs\tools\compiler\ti-cgt-arm_20.2.7.LTS\lib\</path>
         <kind>archive</kind>
         <file>rtsv7M4_T_le_v4SPD16_eabi.lib</file>
         <name>s_frexp.c.obj</name>
      </input_file>
      <input_file id="fl-107">
         <path>C:\ti\ccs1230\ccs\tools\compiler\ti-cgt-arm_20.2.7.LTS\lib\</path>
         <kind>archive</kind>
         <file>rtsv7M4_T_le_v4SPD16_eabi.lib</file>
         <name>fflush.c.obj</name>
      </input_file>
      <input_file id="fl-108">
         <path>C:\ti\ccs1230\ccs\tools\compiler\ti-cgt-arm_20.2.7.LTS\lib\</path>
         <kind>archive</kind>
         <file>rtsv7M4_T_le_v4SPD16_eabi.lib</file>
         <name>fopen.c.obj</name>
      </input_file>
      <input_file id="fl-109">
         <path>C:\ti\ccs1230\ccs\tools\compiler\ti-cgt-arm_20.2.7.LTS\lib\</path>
         <kind>archive</kind>
         <file>rtsv7M4_T_le_v4SPD16_eabi.lib</file>
         <name>fseek.c.obj</name>
      </input_file>
      <input_file id="fl-10a">
         <path>C:\ti\ccs1230\ccs\tools\compiler\ti-cgt-arm_20.2.7.LTS\lib\</path>
         <kind>archive</kind>
         <file>rtsv7M4_T_le_v4SPD16_eabi.lib</file>
         <name>div0.asm.obj</name>
      </input_file>
      <input_file id="fl-10b">
         <path>C:\ti\ccs1230\ccs\tools\compiler\ti-cgt-arm_20.2.7.LTS\lib\</path>
         <kind>archive</kind>
         <file>rtsv7M4_T_le_v4SPD16_eabi.lib</file>
         <name>autoinit.c.obj</name>
      </input_file>
      <input_file id="fl-10c">
         <path>C:\ti\ccs1230\ccs\tools\compiler\ti-cgt-arm_20.2.7.LTS\lib\</path>
         <kind>archive</kind>
         <file>rtsv7M4_T_le_v4SPD16_eabi.lib</file>
         <name>pre_init.c.obj</name>
      </input_file>
      <input_file id="fl-10d">
         <path>C:\ti\ccs1230\ccs\tools\compiler\ti-cgt-arm_20.2.7.LTS\lib\</path>
         <kind>archive</kind>
         <file>rtsv7M4_T_le_v4SPD16_eabi.lib</file>
         <name>cpy_tbl.c.obj</name>
      </input_file>
      <input_file id="fl-10e">
         <path>C:\ti\ccs1230\ccs\tools\compiler\ti-cgt-arm_20.2.7.LTS\lib\</path>
         <kind>archive</kind>
         <file>rtsv7M4_T_le_v4SPD16_eabi.lib</file>
         <name>args_main.c.obj</name>
      </input_file>
      <input_file id="fl-10f">
         <path>C:\ti\ccs1230\ccs\tools\compiler\ti-cgt-arm_20.2.7.LTS\lib\</path>
         <kind>archive</kind>
         <file>rtsv7M4_T_le_v4SPD16_eabi.lib</file>
         <name>hostclose.c.obj</name>
      </input_file>
      <input_file id="fl-110">
         <path>C:\ti\ccs1230\ccs\tools\compiler\ti-cgt-arm_20.2.7.LTS\lib\</path>
         <kind>archive</kind>
         <file>rtsv7M4_T_le_v4SPD16_eabi.lib</file>
         <name>hostlseek.c.obj</name>
      </input_file>
      <input_file id="fl-111">
         <path>C:\ti\ccs1230\ccs\tools\compiler\ti-cgt-arm_20.2.7.LTS\lib\</path>
         <kind>archive</kind>
         <file>rtsv7M4_T_le_v4SPD16_eabi.lib</file>
         <name>hostopen.c.obj</name>
      </input_file>
      <input_file id="fl-112">
         <path>C:\ti\ccs1230\ccs\tools\compiler\ti-cgt-arm_20.2.7.LTS\lib\</path>
         <kind>archive</kind>
         <file>rtsv7M4_T_le_v4SPD16_eabi.lib</file>
         <name>hostread.c.obj</name>
      </input_file>
      <input_file id="fl-113">
         <path>C:\ti\ccs1230\ccs\tools\compiler\ti-cgt-arm_20.2.7.LTS\lib\</path>
         <kind>archive</kind>
         <file>rtsv7M4_T_le_v4SPD16_eabi.lib</file>
         <name>hostrename.c.obj</name>
      </input_file>
      <input_file id="fl-114">
         <path>C:\ti\ccs1230\ccs\tools\compiler\ti-cgt-arm_20.2.7.LTS\lib\</path>
         <kind>archive</kind>
         <file>rtsv7M4_T_le_v4SPD16_eabi.lib</file>
         <name>hostunlink.c.obj</name>
      </input_file>
      <input_file id="fl-115">
         <path>C:\ti\ccs1230\ccs\tools\compiler\ti-cgt-arm_20.2.7.LTS\lib\</path>
         <kind>archive</kind>
         <file>rtsv7M4_T_le_v4SPD16_eabi.lib</file>
         <name>hostwrite.c.obj</name>
      </input_file>
      <input_file id="fl-116">
         <path>C:\ti\ccs1230\ccs\tools\compiler\ti-cgt-arm_20.2.7.LTS\lib\</path>
         <kind>archive</kind>
         <file>rtsv7M4_T_le_v4SPD16_eabi.lib</file>
         <name>trgmsg.c.obj</name>
      </input_file>
      <input_file id="fl-117">
         <path>C:\ti\ccs1230\ccs\tools\compiler\ti-cgt-arm_20.2.7.LTS\lib\</path>
         <kind>archive</kind>
         <file>rtsv7M4_T_le_v4SPD16_eabi.lib</file>
         <name>open.c.obj</name>
      </input_file>
      <input_file id="fl-118">
         <path>C:\ti\ccs1230\ccs\tools\compiler\ti-cgt-arm_20.2.7.LTS\lib\</path>
         <kind>archive</kind>
         <file>rtsv7M4_T_le_v4SPD16_eabi.lib</file>
         <name>lseek.c.obj</name>
      </input_file>
      <input_file id="fl-119">
         <path>C:\ti\ccs1230\ccs\tools\compiler\ti-cgt-arm_20.2.7.LTS\lib\</path>
         <kind>archive</kind>
         <file>rtsv7M4_T_le_v4SPD16_eabi.lib</file>
         <name>fclose.c.obj</name>
      </input_file>
      <input_file id="fl-11a">
         <path>C:\ti\ccs1230\ccs\tools\compiler\ti-cgt-arm_20.2.7.LTS\lib\</path>
         <kind>archive</kind>
         <file>rtsv7M4_T_le_v4SPD16_eabi.lib</file>
         <name>getdevice.c.obj</name>
      </input_file>
      <input_file id="fl-11b">
         <path>C:\ti\ccs1230\ccs\tools\compiler\ti-cgt-arm_20.2.7.LTS\lib\</path>
         <kind>archive</kind>
         <file>rtsv7M4_T_le_v4SPD16_eabi.lib</file>
         <name>strncpy.c.obj</name>
      </input_file>
      <input_file id="fl-11c">
         <path>C:\ti\ccs1230\ccs\tools\compiler\ti-cgt-arm_20.2.7.LTS\lib\</path>
         <kind>archive</kind>
         <file>rtsv7M4_T_le_v4SPD16_eabi.lib</file>
         <name>remove.c.obj</name>
      </input_file>
      <input_file id="fl-11d">
         <path>C:\ti\ccs1230\ccs\tools\compiler\ti-cgt-arm_20.2.7.LTS\lib\</path>
         <kind>archive</kind>
         <file>rtsv7M4_T_le_v4SPD16_eabi.lib</file>
         <name>close.c.obj</name>
      </input_file>
      <input_file id="fl-11e">
         <path>C:\ti\ccs1230\ccs\tools\compiler\ti-cgt-arm_20.2.7.LTS\lib\</path>
         <kind>archive</kind>
         <file>rtsv7M4_T_le_v4SPD16_eabi.lib</file>
         <name>unlink.c.obj</name>
      </input_file>
      <input_file id="fl-11f">
         <path>C:\ti\TivaWare_C_Series-2.2.0.295\driverlib\ccs\Debug\</path>
         <kind>archive</kind>
         <file>driverlib.lib</file>
         <name>gpio.obj</name>
      </input_file>
      <input_file id="fl-120">
         <path>C:\ti\TivaWare_C_Series-2.2.0.295\driverlib\ccs\Debug\</path>
         <kind>archive</kind>
         <file>driverlib.lib</file>
         <name>interrupt.obj</name>
      </input_file>
      <input_file id="fl-121">
         <path>C:\ti\TivaWare_C_Series-2.2.0.295\driverlib\ccs\Debug\</path>
         <kind>archive</kind>
         <file>driverlib.lib</file>
         <name>cpu.obj</name>
      </input_file>
   </input_file_list>
   <object_component_list>
      <object_component id="oc-13">
         <name>.intvecs</name>
         <load_address>0x0</load_address>
         <run_address>0x0</run_address>
         <size>0x26c</size>
         <input_file_ref idref="fl-f"/>
      </object_component>
      <object_component id="oc-238">
         <name>.text:__TI_printfi</name>
         <load_address>0x26c</load_address>
         <run_address>0x26c</run_address>
         <size>0xa4e</size>
         <input_file_ref idref="fl-dc"/>
      </object_component>
      <object_component id="oc-37">
         <name>.text:FaultISR</name>
         <load_address>0xcba</load_address>
         <run_address>0xcba</run_address>
         <size>0x2</size>
         <input_file_ref idref="fl-f"/>
      </object_component>
      <object_component id="oc-d7">
         <name>.text:main</name>
         <load_address>0xcbc</load_address>
         <run_address>0xcbc</run_address>
         <size>0x298</size>
         <input_file_ref idref="fl-8"/>
      </object_component>
      <object_component id="oc-33c">
         <name>.text:_pconv_a</name>
         <load_address>0xf54</load_address>
         <run_address>0xf54</run_address>
         <size>0x270</size>
         <input_file_ref idref="fl-dc"/>
      </object_component>
      <object_component id="oc-32a">
         <name>.text:_pconv_g</name>
         <load_address>0x11c4</load_address>
         <run_address>0x11c4</run_address>
         <size>0x1d0</size>
         <input_file_ref idref="fl-dc"/>
      </object_component>
      <object_component id="oc-41f">
         <name>.text</name>
         <load_address>0x1394</load_address>
         <run_address>0x1394</run_address>
         <size>0x1b6</size>
         <input_file_ref idref="fl-e3"/>
      </object_component>
      <object_component id="oc-26c">
         <name>.text:prvEDFScheduler</name>
         <load_address>0x154a</load_address>
         <run_address>0x154a</run_address>
         <size>0x18c</size>
         <input_file_ref idref="fl-8"/>
      </object_component>
      <object_component id="oc-3d">
         <name>.text:IntDefaultHandler</name>
         <load_address>0x16d6</load_address>
         <run_address>0x16d6</run_address>
         <size>0x2</size>
         <input_file_ref idref="fl-f"/>
      </object_component>
      <object_component id="oc-336">
         <name>.text:_pconv_e</name>
         <load_address>0x16d8</load_address>
         <run_address>0x16d8</run_address>
         <size>0x13c</size>
         <input_file_ref idref="fl-dc"/>
      </object_component>
      <object_component id="oc-405">
         <name>.text</name>
         <load_address>0x1814</load_address>
         <run_address>0x1814</run_address>
         <size>0x136</size>
         <input_file_ref idref="fl-e5"/>
      </object_component>
      <object_component id="oc-31">
         <name>.text:NmiSR</name>
         <load_address>0x194a</load_address>
         <run_address>0x194a</run_address>
         <size>0x2</size>
         <input_file_ref idref="fl-f"/>
      </object_component>
      <object_component id="oc-137">
         <name>.text:xTaskGenericCreate</name>
         <load_address>0x194c</load_address>
         <run_address>0x194c</run_address>
         <size>0x134</size>
         <input_file_ref idref="fl-16"/>
      </object_component>
      <object_component id="oc-431">
         <name>.text:fcvt</name>
         <load_address>0x1a80</load_address>
         <run_address>0x1a80</run_address>
         <size>0x124</size>
         <input_file_ref idref="fl-dc"/>
      </object_component>
      <object_component id="oc-392">
         <name>.text:vTaskPrioritySet</name>
         <load_address>0x1ba4</load_address>
         <run_address>0x1ba4</run_address>
         <size>0x120</size>
         <input_file_ref idref="fl-16"/>
      </object_component>
      <object_component id="oc-a3">
         <name>.text:xTaskIncrementTick</name>
         <load_address>0x1cc4</load_address>
         <run_address>0x1cc4</run_address>
         <size>0x11c</size>
         <input_file_ref idref="fl-16"/>
      </object_component>
      <object_component id="oc-36e">
         <name>.text:fputs</name>
         <load_address>0x1de0</load_address>
         <run_address>0x1de0</run_address>
         <size>0x114</size>
         <input_file_ref idref="fl-e0"/>
      </object_component>
      <object_component id="oc-445">
         <name>.text:scalbn</name>
         <load_address>0x1ef4</load_address>
         <run_address>0x1ef4</run_address>
         <size>0x110</size>
         <input_file_ref idref="fl-da"/>
      </object_component>
      <object_component id="oc-2fa">
         <name>.text:prvListTaskWithinSingleList</name>
         <load_address>0x2004</load_address>
         <run_address>0x2004</run_address>
         <size>0x10e</size>
         <input_file_ref idref="fl-16"/>
      </object_component>
      <object_component id="oc-360">
         <name>.text:_nop</name>
         <load_address>0x2112</load_address>
         <run_address>0x2112</run_address>
         <size>0x2</size>
         <input_file_ref idref="fl-f4"/>
      </object_component>
      <object_component id="oc-213">
         <name>.text:pvPortMalloc</name>
         <load_address>0x2114</load_address>
         <run_address>0x2114</run_address>
         <size>0x108</size>
         <input_file_ref idref="fl-1a"/>
      </object_component>
      <object_component id="oc-572">
         <name>.text:aligned_alloc</name>
         <load_address>0x221c</load_address>
         <run_address>0x221c</run_address>
         <size>0x100</size>
         <input_file_ref idref="fl-fb"/>
      </object_component>
      <object_component id="oc-13d">
         <name>.text:vTaskList</name>
         <load_address>0x231c</load_address>
         <run_address>0x231c</run_address>
         <size>0x100</size>
         <input_file_ref idref="fl-16"/>
      </object_component>
      <object_component id="oc-400">
         <name>.text</name>
         <load_address>0x241c</load_address>
         <run_address>0x241c</run_address>
         <size>0xfc</size>
         <input_file_ref idref="fl-e6"/>
      </object_component>
      <object_component id="oc-2e9">
         <name>.text:xTaskResumeAll</name>
         <load_address>0x2518</load_address>
         <run_address>0x2518</run_address>
         <size>0xf8</size>
         <input_file_ref idref="fl-16"/>
      </object_component>
      <object_component id="oc-529">
         <name>.text:free</name>
         <load_address>0x2610</load_address>
         <run_address>0x2610</run_address>
         <size>0xe4</size>
         <input_file_ref idref="fl-fb"/>
      </object_component>
      <object_component id="oc-4f8">
         <name>.text:setvbuf</name>
         <load_address>0x26f4</load_address>
         <run_address>0x26f4</run_address>
         <size>0xdc</size>
         <input_file_ref idref="fl-e2"/>
      </object_component>
      <object_component id="oc-219">
         <name>.text:uxTaskGetSystemState</name>
         <load_address>0x27d0</load_address>
         <run_address>0x27d0</run_address>
         <size>0xd8</size>
         <input_file_ref idref="fl-16"/>
      </object_component>
      <object_component id="oc-43">
         <name>.text</name>
         <load_address>0x28a8</load_address>
         <run_address>0x28a8</run_address>
         <size>0xd2</size>
         <input_file_ref idref="fl-19"/>
      </object_component>
      <object_component id="oc-4bd">
         <name>.text</name>
         <load_address>0x297a</load_address>
         <run_address>0x297a</run_address>
         <size>0x2</size>
         <input_file_ref idref="fl-10a"/>
      </object_component>
      <object_component id="oc-272">
         <name>.text:vTaskDelayUntil</name>
         <load_address>0x297c</load_address>
         <run_address>0x297c</run_address>
         <size>0xb8</size>
         <input_file_ref idref="fl-16"/>
      </object_component>
      <object_component id="oc-9c">
         <name>.text:vTaskSwitchContext</name>
         <load_address>0x2a34</load_address>
         <run_address>0x2a34</run_address>
         <size>0xb8</size>
         <input_file_ref idref="fl-16"/>
      </object_component>
      <object_component id="oc-31f">
         <name>.text:_ltostr</name>
         <load_address>0x2aec</load_address>
         <run_address>0x2aec</run_address>
         <size>0xb1</size>
         <input_file_ref idref="fl-dc"/>
      </object_component>
      <object_component id="oc-5c">
         <name>.text</name>
         <load_address>0x2b9e</load_address>
         <run_address>0x2b9e</run_address>
         <size>0x9c</size>
         <input_file_ref idref="fl-eb"/>
      </object_component>
      <object_component id="oc-1f4">
         <name>.text:prvInitialiseTCBVariables</name>
         <load_address>0x2c3a</load_address>
         <run_address>0x2c3a</run_address>
         <size>0x98</size>
         <input_file_ref idref="fl-16"/>
      </object_component>
      <object_component id="oc-3f9">
         <name>.text</name>
         <load_address>0x2cd2</load_address>
         <run_address>0x2cd2</run_address>
         <size>0x96</size>
         <input_file_ref idref="fl-ef"/>
      </object_component>
      <object_component id="oc-375">
         <name>.text:fputc</name>
         <load_address>0x2d68</load_address>
         <run_address>0x2d68</run_address>
         <size>0x8c</size>
         <input_file_ref idref="fl-df"/>
      </object_component>
      <object_component id="oc-152">
         <name>.text:prvTask1</name>
         <load_address>0x2df4</load_address>
         <run_address>0x2df4</run_address>
         <size>0x8c</size>
         <input_file_ref idref="fl-8"/>
      </object_component>
      <object_component id="oc-325">
         <name>.text:__aeabi_cdcmple</name>
         <load_address>0x2e80</load_address>
         <run_address>0x2e80</run_address>
         <size>0x86</size>
         <input_file_ref idref="fl-e4"/>
      </object_component>
      <object_component id="oc-40a">
         <name>.text:__aeabi_cdrcmple</name>
         <load_address>0x2f06</load_address>
         <run_address>0x2f06</run_address>
         <size>0x86</size>
         <input_file_ref idref="fl-e4"/>
      </object_component>
      <object_component id="oc-158">
         <name>.text:prvTask2</name>
         <load_address>0x2f8c</load_address>
         <run_address>0x2f8c</run_address>
         <size>0x80</size>
         <input_file_ref idref="fl-8"/>
      </object_component>
      <object_component id="oc-cb">
         <name>.text</name>
         <load_address>0x300c</load_address>
         <run_address>0x300c</run_address>
         <size>0x7a</size>
         <input_file_ref idref="fl-ed"/>
      </object_component>
      <object_component id="oc-164">
         <name>.text:prvDeferrableServer</name>
         <load_address>0x3088</load_address>
         <run_address>0x3088</run_address>
         <size>0x78</size>
         <input_file_ref idref="fl-8"/>
      </object_component>
      <object_component id="oc-15e">
         <name>.text:prvTask3</name>
         <load_address>0x3100</load_address>
         <run_address>0x3100</run_address>
         <size>0x78</size>
         <input_file_ref idref="fl-8"/>
      </object_component>
      <object_component id="oc-579">
         <name>.text:__TI_closefile</name>
         <load_address>0x3178</load_address>
         <run_address>0x3178</run_address>
         <size>0x74</size>
         <input_file_ref idref="fl-119"/>
      </object_component>
      <object_component id="oc-206">
         <name>.text:prvInitialiseTaskLists</name>
         <load_address>0x31ec</load_address>
         <run_address>0x31ec</run_address>
         <size>0x74</size>
         <input_file_ref idref="fl-16"/>
      </object_component>
      <object_component id="oc-149">
         <name>.text:vTaskStartScheduler</name>
         <load_address>0x3260</load_address>
         <run_address>0x3260</run_address>
         <size>0x74</size>
         <input_file_ref idref="fl-16"/>
      </object_component>
      <object_component id="oc-5ba">
         <name>.text:split</name>
         <load_address>0x32d4</load_address>
         <run_address>0x32d4</run_address>
         <size>0x70</size>
         <input_file_ref idref="fl-fb"/>
      </object_component>
      <object_component id="oc-42a">
         <name>.text:_mcpy</name>
         <load_address>0x3344</load_address>
         <run_address>0x3344</run_address>
         <size>0x6e</size>
         <input_file_ref idref="fl-dc"/>
      </object_component>
      <object_component id="oc-5a9">
         <name>.text:HOSTrename</name>
         <load_address>0x33b4</load_address>
         <run_address>0x33b4</run_address>
         <size>0x6c</size>
         <input_file_ref idref="fl-113"/>
      </object_component>
      <object_component id="oc-16a">
         <name>.text:prvPollingServer</name>
         <load_address>0x3420</load_address>
         <run_address>0x3420</run_address>
         <size>0x6c</size>
         <input_file_ref idref="fl-8"/>
      </object_component>
      <object_component id="oc-59d">
         <name>.text:HOSTlseek</name>
         <load_address>0x348c</load_address>
         <run_address>0x348c</run_address>
         <size>0x68</size>
         <input_file_ref idref="fl-110"/>
      </object_component>
      <object_component id="oc-16">
         <name>.text:decompress:lzss:__TI_decompress_lzss</name>
         <load_address>0x34f4</load_address>
         <run_address>0x34f4</run_address>
         <size>0x68</size>
         <input_file_ref idref="fl-f2"/>
      </object_component>
      <object_component id="oc-143">
         <name>.text:printf</name>
         <load_address>0x355c</load_address>
         <run_address>0x355c</run_address>
         <size>0x68</size>
         <input_file_ref idref="fl-db"/>
      </object_component>
      <object_component id="oc-38a">
         <name>.text:prvCheckTasksWaitingTermination</name>
         <load_address>0x35c4</load_address>
         <run_address>0x35c4</run_address>
         <size>0x68</size>
         <input_file_ref idref="fl-16"/>
      </object_component>
      <object_component id="oc-231">
         <name>.text:vPortFree</name>
         <load_address>0x362c</load_address>
         <run_address>0x362c</run_address>
         <size>0x68</size>
         <input_file_ref idref="fl-1a"/>
      </object_component>
      <object_component id="oc-49b">
         <name>.text:vListInsert</name>
         <load_address>0x3694</load_address>
         <run_address>0x3694</run_address>
         <size>0x66</size>
         <input_file_ref idref="fl-14"/>
      </object_component>
      <object_component id="oc-43f">
         <name>.text:frexp</name>
         <load_address>0x36fc</load_address>
         <run_address>0x36fc</run_address>
         <size>0x64</size>
         <input_file_ref idref="fl-106"/>
      </object_component>
      <object_component id="oc-4f2">
         <name>.text:fseek</name>
         <load_address>0x3760</load_address>
         <run_address>0x3760</run_address>
         <size>0x64</size>
         <input_file_ref idref="fl-109"/>
      </object_component>
      <object_component id="oc-476">
         <name>.text:__TI_wrt_ok</name>
         <load_address>0x37c4</load_address>
         <run_address>0x37c4</run_address>
         <size>0x62</size>
         <input_file_ref idref="fl-e1"/>
      </object_component>
      <object_component id="oc-585">
         <name>.text:HOSTopen</name>
         <load_address>0x3828</load_address>
         <run_address>0x3828</run_address>
         <size>0x60</size>
         <input_file_ref idref="fl-111"/>
      </object_component>
      <object_component id="oc-1ee">
         <name>.text:prvAllocateTCBAndStack</name>
         <load_address>0x3888</load_address>
         <run_address>0x3888</run_address>
         <size>0x5e</size>
         <input_file_ref idref="fl-16"/>
      </object_component>
      <object_component id="oc-5c1">
         <name>.text:close</name>
         <load_address>0x38e8</load_address>
         <run_address>0x38e8</run_address>
         <size>0x5c</size>
         <input_file_ref idref="fl-11d"/>
      </object_component>
      <object_component id="oc-399">
         <name>.text:prvAddCurrentTaskToDelayedList</name>
         <load_address>0x3944</load_address>
         <run_address>0x3944</run_address>
         <size>0x5c</size>
         <input_file_ref idref="fl-16"/>
      </object_component>
      <object_component id="oc-1fa">
         <name>.text:pxPortInitialiseStack</name>
         <load_address>0x39a0</load_address>
         <run_address>0x39a0</run_address>
         <size>0x5c</size>
         <input_file_ref idref="fl-18"/>
      </object_component>
      <object_component id="oc-591">
         <name>.text:HOSTread</name>
         <load_address>0x39fc</load_address>
         <run_address>0x39fc</run_address>
         <size>0x58</size>
         <input_file_ref idref="fl-112"/>
      </object_component>
      <object_component id="oc-597">
         <name>.text:HOSTwrite</name>
         <load_address>0x3a54</load_address>
         <run_address>0x3a54</run_address>
         <size>0x58</size>
         <input_file_ref idref="fl-115"/>
      </object_component>
      <object_component id="oc-330">
         <name>.text:_pconv_f</name>
         <load_address>0x3aac</load_address>
         <run_address>0x3aac</run_address>
         <size>0x56</size>
         <input_file_ref idref="fl-dc"/>
      </object_component>
      <object_component id="oc-414">
         <name>.text:__TI_ltoa</name>
         <load_address>0x3b02</load_address>
         <run_address>0x3b02</run_address>
         <size>0x54</size>
         <input_file_ref idref="fl-f5"/>
      </object_component>
      <object_component id="oc-424">
         <name>.text:_ecpy</name>
         <load_address>0x3b56</load_address>
         <run_address>0x3b56</run_address>
         <size>0x52</size>
         <input_file_ref idref="fl-dc"/>
      </object_component>
      <object_component id="oc-2e3">
         <name>.text:prvHeapInit</name>
         <load_address>0x3ba8</load_address>
         <run_address>0x3ba8</run_address>
         <size>0x50</size>
         <input_file_ref idref="fl-1a"/>
      </object_component>
      <object_component id="oc-482">
         <name>.text:__TI_doflush</name>
         <load_address>0x3bf8</load_address>
         <run_address>0x3bf8</run_address>
         <size>0x4c</size>
         <input_file_ref idref="fl-107"/>
      </object_component>
      <object_component id="oc-319">
         <name>.text:atoi</name>
         <load_address>0x3c44</load_address>
         <run_address>0x3c44</run_address>
         <size>0x4c</size>
         <input_file_ref idref="fl-f6"/>
      </object_component>
      <object_component id="oc-17e">
         <name>.text:exit</name>
         <load_address>0x3c90</load_address>
         <run_address>0x3c90</run_address>
         <size>0x48</size>
         <input_file_ref idref="fl-f3"/>
      </object_component>
      <object_component id="oc-40f">
         <name>.text</name>
         <load_address>0x3cd8</load_address>
         <run_address>0x3cd8</run_address>
         <size>0x48</size>
         <input_file_ref idref="fl-e7"/>
      </object_component>
      <object_component id="oc-110">
         <name>.text:uxListRemove</name>
         <load_address>0x3d20</load_address>
         <run_address>0x3d20</run_address>
         <size>0x48</size>
         <input_file_ref idref="fl-14"/>
      </object_component>
      <object_component id="oc-58b">
         <name>.text:HOSTclose</name>
         <load_address>0x3d68</load_address>
         <run_address>0x3d68</run_address>
         <size>0x44</size>
         <input_file_ref idref="fl-10f"/>
      </object_component>
      <object_component id="oc-5a3">
         <name>.text:HOSTunlink</name>
         <load_address>0x3dac</load_address>
         <run_address>0x3dac</run_address>
         <size>0x44</size>
         <input_file_ref idref="fl-114"/>
      </object_component>
      <object_component id="oc-184">
         <name>.text:__TI_auto_init_nobinit_nopinit:__TI_auto_init_nobinit_nopinit</name>
         <load_address>0x3df0</load_address>
         <run_address>0x3df0</run_address>
         <size>0x44</size>
         <input_file_ref idref="fl-10b"/>
      </object_component>
      <object_component id="oc-5f3">
         <name>.text:getdevice</name>
         <load_address>0x3e34</load_address>
         <run_address>0x3e34</run_address>
         <size>0x44</size>
         <input_file_ref idref="fl-11a"/>
      </object_component>
      <object_component id="oc-257">
         <name>.text:xPortStartScheduler</name>
         <load_address>0x3e78</load_address>
         <run_address>0x3e78</run_address>
         <size>0x44</size>
         <input_file_ref idref="fl-18"/>
      </object_component>
      <object_component id="oc-21f">
         <name>.text:prvWriteNameToBuffer</name>
         <load_address>0x3ebc</load_address>
         <run_address>0x3ebc</run_address>
         <size>0x40</size>
         <input_file_ref idref="fl-16"/>
      </object_component>
      <object_component id="oc-225">
         <name>.text:sprintf</name>
         <load_address>0x3efc</load_address>
         <run_address>0x3efc</run_address>
         <size>0x40</size>
         <input_file_ref idref="fl-dd"/>
      </object_component>
      <object_component id="oc-437">
         <name>.text:_fcpy</name>
         <load_address>0x3f3c</load_address>
         <run_address>0x3f3c</run_address>
         <size>0x3e</size>
         <input_file_ref idref="fl-dc"/>
      </object_component>
      <object_component id="oc-10a">
         <name>.text:prvResetNextTaskUnblockTime</name>
         <load_address>0x3f7c</load_address>
         <run_address>0x3f7c</run_address>
         <size>0x3c</size>
         <input_file_ref idref="fl-16"/>
      </object_component>
      <object_component id="oc-116">
         <name>.text:vListInsertEnd</name>
         <load_address>0x3fb8</load_address>
         <run_address>0x3fb8</run_address>
         <size>0x3c</size>
         <input_file_ref idref="fl-14"/>
      </object_component>
      <object_component id="oc-5d2">
         <name>.text:__TI_writemsg</name>
         <load_address>0x3ff4</load_address>
         <run_address>0x3ff4</run_address>
         <size>0x38</size>
         <input_file_ref idref="fl-116"/>
      </object_component>
      <object_component id="oc-613">
         <name>.text:strncpy</name>
         <load_address>0x402c</load_address>
         <run_address>0x402c</run_address>
         <size>0x36</size>
         <input_file_ref idref="fl-11b"/>
      </object_component>
      <object_component id="oc-535">
         <name>.text:__TI_cleanup</name>
         <load_address>0x4064</load_address>
         <run_address>0x4064</run_address>
         <size>0x34</size>
         <input_file_ref idref="fl-108"/>
      </object_component>
      <object_component id="oc-5d8">
         <name>.text:__TI_readmsg</name>
         <load_address>0x4098</load_address>
         <run_address>0x4098</run_address>
         <size>0x34</size>
         <input_file_ref idref="fl-116"/>
      </object_component>
      <object_component id="oc-7a">
         <name>.text:_c_int00_noargs:_c_int00_noargs</name>
         <load_address>0x40cc</load_address>
         <run_address>0x40cc</run_address>
         <size>0x34</size>
         <input_file_ref idref="fl-100"/>
      </object_component>
      <object_component id="oc-619">
         <name>.text:finddevice</name>
         <load_address>0x4100</load_address>
         <run_address>0x4100</run_address>
         <size>0x30</size>
         <input_file_ref idref="fl-11a"/>
      </object_component>
      <object_component id="oc-2c6">
         <name>.text:vListInitialise</name>
         <load_address>0x4130</load_address>
         <run_address>0x4130</run_address>
         <size>0x30</size>
         <input_file_ref idref="fl-14"/>
      </object_component>
      <object_component id="oc-3e5">
         <name>.text:prvTaskCheckFreeStackSpace</name>
         <load_address>0x4160</load_address>
         <run_address>0x4160</run_address>
         <size>0x2e</size>
         <input_file_ref idref="fl-16"/>
      </object_component>
      <object_component id="oc-41a">
         <name>.text</name>
         <load_address>0x418e</load_address>
         <run_address>0x418e</run_address>
         <size>0x2e</size>
         <input_file_ref idref="fl-ea"/>
      </object_component>
      <object_component id="oc-25d">
         <name>.text:prvIdleTask</name>
         <load_address>0x41bc</load_address>
         <run_address>0x41bc</run_address>
         <size>0x2c</size>
         <input_file_ref idref="fl-16"/>
      </object_component>
      <object_component id="oc-5c7">
         <name>.text:unlink</name>
         <load_address>0x41e8</load_address>
         <run_address>0x41e8</run_address>
         <size>0x2c</size>
         <input_file_ref idref="fl-11e"/>
      </object_component>
      <object_component id="oc-48">
         <name>.text:xPortSysTickHandler</name>
         <load_address>0x4214</load_address>
         <run_address>0x4214</run_address>
         <size>0x2c</size>
         <input_file_ref idref="fl-18"/>
      </object_component>
      <object_component id="oc-56b">
         <name>.text:free_list_insert</name>
         <load_address>0x4240</load_address>
         <run_address>0x4240</run_address>
         <size>0x28</size>
         <input_file_ref idref="fl-fb"/>
      </object_component>
      <object_component id="oc-521">
         <name>.text:lseek</name>
         <load_address>0x4268</load_address>
         <run_address>0x4268</run_address>
         <size>0x28</size>
         <input_file_ref idref="fl-118"/>
      </object_component>
      <object_component id="oc-488">
         <name>.text:write</name>
         <load_address>0x4290</load_address>
         <run_address>0x4290</run_address>
         <size>0x28</size>
         <input_file_ref idref="fl-101"/>
      </object_component>
      <object_component id="oc-200">
         <name>.text:vPortEnterCritical</name>
         <load_address>0x42b8</load_address>
         <run_address>0x42b8</run_address>
         <size>0x24</size>
         <input_file_ref idref="fl-18"/>
      </object_component>
      <object_component id="oc-47c">
         <name>.text:memchr</name>
         <load_address>0x42dc</load_address>
         <run_address>0x42dc</run_address>
         <size>0x20</size>
         <input_file_ref idref="fl-fa"/>
      </object_component>
      <object_component id="oc-565">
         <name>.text:free_list_remove</name>
         <load_address>0x42fc</load_address>
         <run_address>0x42fc</run_address>
         <size>0x1c</size>
         <input_file_ref idref="fl-fb"/>
      </object_component>
      <object_component id="oc-342">
         <name>.text:memccpy</name>
         <load_address>0x4318</load_address>
         <run_address>0x4318</run_address>
         <size>0x1c</size>
         <input_file_ref idref="fl-f9"/>
      </object_component>
      <object_component id="oc-20c">
         <name>.text:vPortExitCritical</name>
         <load_address>0x4334</load_address>
         <run_address>0x4334</run_address>
         <size>0x1c</size>
         <input_file_ref idref="fl-18"/>
      </object_component>
      <object_component id="oc-4d6">
         <name>.text:copysign</name>
         <load_address>0x4350</load_address>
         <run_address>0x4350</run_address>
         <size>0x1a</size>
         <input_file_ref idref="fl-105"/>
      </object_component>
      <object_component id="oc-308">
         <name>.text:_outs</name>
         <load_address>0x436a</load_address>
         <run_address>0x436a</run_address>
         <size>0x18</size>
         <input_file_ref idref="fl-dd"/>
      </object_component>
      <object_component id="oc-62e">
         <name>.text:strcmp</name>
         <load_address>0x4382</load_address>
         <run_address>0x4382</run_address>
         <size>0x18</size>
         <input_file_ref idref="fl-fd"/>
      </object_component>
      <object_component id="oc-383">
         <name>.text:vPortSetupTimerInterrupt</name>
         <load_address>0x439c</load_address>
         <run_address>0x439c</run_address>
         <size>0x18</size>
         <input_file_ref idref="fl-18"/>
      </object_component>
      <object_component id="oc-44b">
         <name>.text:strchr</name>
         <load_address>0x43b4</load_address>
         <run_address>0x43b4</run_address>
         <size>0x16</size>
         <input_file_ref idref="fl-fc"/>
      </object_component>
      <object_component id="oc-493">
         <name>.text:prvDeleteTCB</name>
         <load_address>0x43ca</load_address>
         <run_address>0x43ca</run_address>
         <size>0x14</size>
         <input_file_ref idref="fl-16"/>
      </object_component>
      <object_component id="oc-301">
         <name>.text:strcpy</name>
         <load_address>0x43de</load_address>
         <run_address>0x43de</run_address>
         <size>0x14</size>
         <input_file_ref idref="fl-fe"/>
      </object_component>
      <object_component id="oc-22b">
         <name>.text:strlen</name>
         <load_address>0x43f2</load_address>
         <run_address>0x43f2</run_address>
         <size>0x14</size>
         <input_file_ref idref="fl-ff"/>
      </object_component>
      <object_component id="oc-266">
         <name>.text:xTaskGetTickCount</name>
         <load_address>0x4408</load_address>
         <run_address>0x4408</run_address>
         <size>0x14</size>
         <input_file_ref idref="fl-16"/>
      </object_component>
      <object_component id="oc-348">
         <name>.text:wcslen</name>
         <load_address>0x441c</load_address>
         <run_address>0x441c</run_address>
         <size>0x12</size>
         <input_file_ref idref="fl-104"/>
      </object_component>
      <object_component id="oc-1dd">
         <name>.text:IntMasterDisable</name>
         <load_address>0x442e</load_address>
         <run_address>0x442e</run_address>
         <size>0x10</size>
         <input_file_ref idref="fl-120"/>
      </object_component>
      <object_component id="oc-2bb">
         <name>.text:prvTaskExitError</name>
         <load_address>0x443e</load_address>
         <run_address>0x443e</run_address>
         <size>0x10</size>
         <input_file_ref idref="fl-18"/>
      </object_component>
      <object_component id="oc-2b4">
         <name>.text:vListInitialiseItem</name>
         <load_address>0x444e</load_address>
         <run_address>0x444e</run_address>
         <size>0x10</size>
         <input_file_ref idref="fl-14"/>
      </object_component>
      <object_component id="oc-2dd">
         <name>.text:vTaskSuspendAll</name>
         <load_address>0x4460</load_address>
         <run_address>0x4460</run_address>
         <size>0x10</size>
         <input_file_ref idref="fl-16"/>
      </object_component>
      <object_component id="oc-1c">
         <name>.text:decompress:none:__TI_decompress_none</name>
         <load_address>0x4470</load_address>
         <run_address>0x4470</run_address>
         <size>0xe</size>
         <input_file_ref idref="fl-f1"/>
      </object_component>
      <object_component id="oc-2aa">
         <name>.text:CPUcpsid</name>
         <load_address>0x447e</load_address>
         <run_address>0x447e</run_address>
         <size>0xc</size>
         <input_file_ref idref="fl-121"/>
      </object_component>
      <object_component id="oc-6e">
         <name>.text:decompress:ZI:__TI_zero_init</name>
         <load_address>0x448a</load_address>
         <run_address>0x448a</run_address>
         <size>0xc</size>
         <input_file_ref idref="fl-f0"/>
      </object_component>
      <object_component id="oc-100">
         <name>.text:vApplicationStackOverflowHook</name>
         <load_address>0x4496</load_address>
         <run_address>0x4496</run_address>
         <size>0xc</size>
         <input_file_ref idref="fl-8"/>
      </object_component>
      <object_component id="oc-30e">
         <name>.text:_outc</name>
         <load_address>0x44a2</load_address>
         <run_address>0x44a2</run_address>
         <size>0xa</size>
         <input_file_ref idref="fl-dd"/>
      </object_component>
      <object_component id="oc-34e">
         <name>.text:__aeabi_errno_addr</name>
         <load_address>0x44ac</load_address>
         <run_address>0x44ac</run_address>
         <size>0x8</size>
         <input_file_ref idref="fl-103"/>
      </object_component>
      <object_component id="oc-52f">
         <name>.text:malloc</name>
         <load_address>0x44b4</load_address>
         <run_address>0x44b4</run_address>
         <size>0x8</size>
         <input_file_ref idref="fl-fb"/>
      </object_component>
      <object_component id="oc-2b">
         <name>.text:ResetISR</name>
         <load_address>0x44bc</load_address>
         <run_address>0x44bc</run_address>
         <size>0x6</size>
         <input_file_ref idref="fl-f"/>
      </object_component>
      <object_component id="oc-24a">
         <name>.text:_outc</name>
         <load_address>0x44c2</load_address>
         <run_address>0x44c2</run_address>
         <size>0x4</size>
         <input_file_ref idref="fl-db"/>
      </object_component>
      <object_component id="oc-244">
         <name>.text:_outs</name>
         <load_address>0x44c6</load_address>
         <run_address>0x44c6</run_address>
         <size>0x4</size>
         <input_file_ref idref="fl-db"/>
      </object_component>
      <object_component id="oc-d1">
         <name>.text:_system_pre_init</name>
         <load_address>0x44ca</load_address>
         <run_address>0x44ca</run_address>
         <size>0x4</size>
         <input_file_ref idref="fl-10c"/>
      </object_component>
      <object_component id="oc-178">
         <name>.text:abort:abort</name>
         <load_address>0x44ce</load_address>
         <run_address>0x44ce</run_address>
         <size>0x4</size>
         <input_file_ref idref="fl-f3"/>
      </object_component>
      <object_component id="oc-3f4">
         <name>.const:.string:_ctypes_</name>
         <load_address>0x44d4</load_address>
         <run_address>0x44d4</run_address>
         <size>0x101</size>
         <input_file_ref idref="fl-f7"/>
      </object_component>
      <object_component id="oc-14f">
         <name>.const:$P$T0$2</name>
         <load_address>0x45d8</load_address>
         <run_address>0x45d8</run_address>
         <size>0x60</size>
         <input_file_ref idref="fl-8"/>
      </object_component>
      <object_component id="oc-99">
         <name>.const</name>
         <load_address>0x4638</load_address>
         <run_address>0x4638</run_address>
         <size>0x4</size>
         <input_file_ref idref="fl-18"/>
      </object_component>
      <object_component id="oc-66c">
         <name>.cinit..data.load</name>
         <load_address>0x4640</load_address>
         <run_address>0x4640</run_address>
         <size>0x74</size>
      </object_component>
      <object_component id="oc-66a">
         <name>__TI_handler_table</name>
         <load_address>0x46b4</load_address>
         <run_address>0x46b4</run_address>
         <size>0xc</size>
      </object_component>
      <object_component id="oc-66d">
         <name>.cinit..bss.load</name>
         <load_address>0x46c0</load_address>
         <run_address>0x46c0</run_address>
         <size>0x8</size>
      </object_component>
      <object_component id="oc-66b">
         <name>__TI_cinit_table</name>
         <load_address>0x46c8</load_address>
         <run_address>0x46c8</run_address>
         <size>0x10</size>
      </object_component>
      <object_component id="oc-278">
         <name>.data</name>
         <load_address>0x20006e7c</load_address>
         <run_address>0x20006e7c</run_address>
         <size>0x4</size>
         <input_file_ref idref="fl-8"/>
      </object_component>
      <object_component id="oc-96">
         <name>.data</name>
         <load_address>0x20006e18</load_address>
         <run_address>0x20006e18</run_address>
         <size>0x30</size>
         <input_file_ref idref="fl-16"/>
      </object_component>
      <object_component id="oc-2c2">
         <name>.data</name>
         <load_address>0x20006e80</load_address>
         <run_address>0x20006e80</run_address>
         <size>0x4</size>
         <input_file_ref idref="fl-18"/>
      </object_component>
      <object_component id="oc-2ef">
         <name>.data</name>
         <load_address>0x20006e74</load_address>
         <run_address>0x20006e74</run_address>
         <size>0x8</size>
         <input_file_ref idref="fl-1a"/>
      </object_component>
      <object_component id="oc-28c">
         <name>.data:$O1$$</name>
         <load_address>0x20006e58</load_address>
         <run_address>0x20006e58</run_address>
         <size>0xc</size>
         <input_file_ref idref="fl-f3"/>
      </object_component>
      <object_component id="oc-23e">
         <name>.data:$O1$$</name>
         <load_address>0x20006e64</load_address>
         <run_address>0x20006e64</run_address>
         <size>0x8</size>
         <input_file_ref idref="fl-f4"/>
      </object_component>
      <object_component id="oc-241">
         <name>.data:_ftable</name>
         <load_address>0x20006c60</load_address>
         <run_address>0x20006c60</run_address>
         <size>0xf0</size>
         <input_file_ref idref="fl-f8"/>
      </object_component>
      <object_component id="oc-57f">
         <name>.data</name>
         <load_address>0x20006e48</load_address>
         <run_address>0x20006e48</run_address>
         <size>0x10</size>
         <input_file_ref idref="fl-f8"/>
      </object_component>
      <object_component id="oc-5b5">
         <name>.data:$O1$$</name>
         <load_address>0x20006e6c</load_address>
         <run_address>0x20006e6c</run_address>
         <size>0x8</size>
         <input_file_ref idref="fl-fb"/>
      </object_component>
      <object_component id="oc-548">
         <name>.data:_device</name>
         <load_address>0x20006d50</load_address>
         <run_address>0x20006d50</run_address>
         <size>0x78</size>
         <input_file_ref idref="fl-102"/>
      </object_component>
      <object_component id="oc-504">
         <name>.data:_stream</name>
         <load_address>0x20006dc8</load_address>
         <run_address>0x20006dc8</run_address>
         <size>0x50</size>
         <input_file_ref idref="fl-102"/>
      </object_component>
      <object_component id="oc-45b">
         <name>.data</name>
         <load_address>0x20006e84</load_address>
         <run_address>0x20006e84</run_address>
         <size>0x4</size>
         <input_file_ref idref="fl-103"/>
      </object_component>
      <object_component id="oc-170">
         <name>.bss:cBuffer$1</name>
         <uninitialized>true</uninitialized>
         <run_address>0x2000533c</run_address>
         <size>0x50</size>
         <input_file_ref idref="fl-8"/>
      </object_component>
      <object_component id="oc-27b">
         <name>.bss:cBuffer$3</name>
         <uninitialized>true</uninitialized>
         <run_address>0x2000538c</run_address>
         <size>0x50</size>
         <input_file_ref idref="fl-8"/>
      </object_component>
      <object_component id="oc-27d">
         <name>.bss:cBuffer$4</name>
         <uninitialized>true</uninitialized>
         <run_address>0x20005210</run_address>
         <size>0x64</size>
         <input_file_ref idref="fl-8"/>
      </object_component>
      <object_component id="oc-27f">
         <name>.bss:cBuffer$5</name>
         <uninitialized>true</uninitialized>
         <run_address>0x20005274</run_address>
         <size>0x64</size>
         <input_file_ref idref="fl-8"/>
      </object_component>
      <object_component id="oc-281">
         <name>.bss:cBuffer$6</name>
         <uninitialized>true</uninitialized>
         <run_address>0x200052d8</run_address>
         <size>0x64</size>
         <input_file_ref idref="fl-8"/>
      </object_component>
      <object_component id="oc-106">
         <name>.bss:pxReadyTasksLists</name>
         <uninitialized>true</uninitialized>
         <run_address>0x20004f10</run_address>
         <size>0x140</size>
         <input_file_ref idref="fl-16"/>
      </object_component>
      <object_component id="oc-2cc">
         <name>.bss:xDelayedTaskList1</name>
         <uninitialized>true</uninitialized>
         <run_address>0x200053dc</run_address>
         <size>0x14</size>
         <input_file_ref idref="fl-16"/>
      </object_component>
      <object_component id="oc-2cf">
         <name>.bss:xDelayedTaskList2</name>
         <uninitialized>true</uninitialized>
         <run_address>0x200053f0</run_address>
         <size>0x14</size>
         <input_file_ref idref="fl-16"/>
      </object_component>
      <object_component id="oc-11c">
         <name>.bss</name>
         <uninitialized>true</uninitialized>
         <run_address>0x20005440</run_address>
         <size>0x8</size>
         <input_file_ref idref="fl-16"/>
      </object_component>
      <object_component id="oc-2d2">
         <name>.bss:xPendingReadyList</name>
         <uninitialized>true</uninitialized>
         <run_address>0x20005404</run_address>
         <size>0x14</size>
         <input_file_ref idref="fl-16"/>
      </object_component>
      <object_component id="oc-2d5">
         <name>.bss:xTasksWaitingTermination</name>
         <uninitialized>true</uninitialized>
         <run_address>0x2000542c</run_address>
         <size>0x14</size>
         <input_file_ref idref="fl-16"/>
      </object_component>
      <object_component id="oc-2d8">
         <name>.bss:xSuspendedTaskList</name>
         <uninitialized>true</uninitialized>
         <run_address>0x20005418</run_address>
         <size>0x14</size>
         <input_file_ref idref="fl-16"/>
      </object_component>
      <object_component id="oc-3d3">
         <name>.bss:ucHeap</name>
         <uninitialized>true</uninitialized>
         <run_address>0x20000000</run_address>
         <size>0x4f10</size>
         <input_file_ref idref="fl-1a"/>
      </object_component>
      <object_component id="oc-2f2">
         <name>.bss:xStart</name>
         <uninitialized>true</uninitialized>
         <run_address>0x20005450</run_address>
         <size>0x8</size>
         <input_file_ref idref="fl-1a"/>
      </object_component>
      <object_component id="oc-2f5">
         <name>.bss:xEnd</name>
         <uninitialized>true</uninitialized>
         <run_address>0x20005448</run_address>
         <size>0x8</size>
         <input_file_ref idref="fl-1a"/>
      </object_component>
      <object_component id="oc-5fd">
         <name>.bss:_CIOBUF_</name>
         <uninitialized>true</uninitialized>
         <run_address>0x20005050</run_address>
         <size>0x120</size>
         <input_file_ref idref="fl-116"/>
      </object_component>
      <object_component id="oc-5cd">
         <name>.common:__TI_tmpnams</name>
         <uninitialized>true</uninitialized>
         <run_address>0x20005170</run_address>
         <size>0xa0</size>
      </object_component>
      <object_component id="oc-5de">
         <name>.common:parmbuf</name>
         <uninitialized>true</uninitialized>
         <run_address>0x20005458</run_address>
         <size>0x8</size>
      </object_component>
      <object_component id="oc-25">
         <name>.sysmem</name>
         <uninitialized>true</uninitialized>
         <run_address>0x20006460</run_address>
         <size>0x10</size>
         <input_file_ref idref="fl-fb"/>
      </object_component>
      <object_component id="oc-670">
         <name>.sysmem</name>
         <uninitialized>true</uninitialized>
         <run_address>0x20006460</run_address>
         <size>0x0</size>
      </object_component>
      <object_component id="oc-28">
         <name>.stack</name>
         <uninitialized>true</uninitialized>
         <run_address>0x20005460</run_address>
         <size>0x4</size>
         <input_file_ref idref="fl-100"/>
      </object_component>
      <object_component id="oc-66f">
         <name>.stack</name>
         <uninitialized>true</uninitialized>
         <run_address>0x20005460</run_address>
         <size>0x0</size>
      </object_component>
      <object_component id="oc-125">
         <name>.debug_info</name>
         <load_address>0x0</load_address>
         <run_address>0x0</run_address>
         <size>0x2be</size>
         <input_file_ref idref="fl-2"/>
      </object_component>
      <object_component id="oc-ac">
         <name>.debug_info</name>
         <load_address>0x2be</load_address>
         <run_address>0x2be</run_address>
         <size>0x26b</size>
         <input_file_ref idref="fl-2"/>
      </object_component>
      <object_component id="oc-57">
         <name>.debug_info</name>
         <load_address>0x529</load_address>
         <run_address>0x529</run_address>
         <size>0x84</size>
         <input_file_ref idref="fl-2"/>
      </object_component>
      <object_component id="oc-120">
         <name>.debug_info</name>
         <load_address>0x5ad</load_address>
         <run_address>0x5ad</run_address>
         <size>0x2a4</size>
         <input_file_ref idref="fl-2"/>
      </object_component>
      <object_component id="oc-b1">
         <name>.debug_info</name>
         <load_address>0x851</load_address>
         <run_address>0x851</run_address>
         <size>0xbb</size>
         <input_file_ref idref="fl-2"/>
      </object_component>
      <object_component id="oc-2a9">
         <name>.debug_info</name>
         <load_address>0x90c</load_address>
         <run_address>0x90c</run_address>
         <size>0x28f</size>
         <input_file_ref idref="fl-3"/>
      </object_component>
      <object_component id="oc-252">
         <name>.debug_info</name>
         <load_address>0xb9b</load_address>
         <run_address>0xb9b</run_address>
         <size>0x2c</size>
         <input_file_ref idref="fl-3"/>
      </object_component>
      <object_component id="oc-1c7">
         <name>.debug_info</name>
         <load_address>0xbc7</load_address>
         <run_address>0xbc7</run_address>
         <size>0x35</size>
         <input_file_ref idref="fl-3"/>
      </object_component>
      <object_component id="oc-2a8">
         <name>.debug_info</name>
         <load_address>0xbfc</load_address>
         <run_address>0xbfc</run_address>
         <size>0x3c4</size>
         <input_file_ref idref="fl-5"/>
      </object_component>
      <object_component id="oc-1bd">
         <name>.debug_info</name>
         <load_address>0xfc0</load_address>
         <run_address>0xfc0</run_address>
         <size>0x2ef</size>
         <input_file_ref idref="fl-5"/>
      </object_component>
      <object_component id="oc-1d6">
         <name>.debug_info</name>
         <load_address>0x12af</load_address>
         <run_address>0x12af</run_address>
         <size>0x2c</size>
         <input_file_ref idref="fl-5"/>
      </object_component>
      <object_component id="oc-f8">
         <name>.debug_info</name>
         <load_address>0x12db</load_address>
         <run_address>0x12db</run_address>
         <size>0x53</size>
         <input_file_ref idref="fl-5"/>
      </object_component>
      <object_component id="oc-1cc">
         <name>.debug_info</name>
         <load_address>0x132e</load_address>
         <run_address>0x132e</run_address>
         <size>0x14c</size>
         <input_file_ref idref="fl-5"/>
      </object_component>
      <object_component id="oc-177">
         <name>.debug_info</name>
         <load_address>0x147a</load_address>
         <run_address>0x147a</run_address>
         <size>0x5d0</size>
         <input_file_ref idref="fl-8"/>
      </object_component>
      <object_component id="oc-279">
         <name>.debug_info</name>
         <load_address>0x1a4a</load_address>
         <run_address>0x1a4a</run_address>
         <size>0xc5</size>
         <input_file_ref idref="fl-8"/>
      </object_component>
      <object_component id="oc-150">
         <name>.debug_info</name>
         <load_address>0x1b0f</load_address>
         <run_address>0x1b0f</run_address>
         <size>0xc8</size>
         <input_file_ref idref="fl-8"/>
      </object_component>
      <object_component id="oc-d9">
         <name>.debug_info</name>
         <load_address>0x1bd7</load_address>
         <run_address>0x1bd7</run_address>
         <size>0x2b5</size>
         <input_file_ref idref="fl-8"/>
      </object_component>
      <object_component id="oc-154">
         <name>.debug_info</name>
         <load_address>0x1e8c</load_address>
         <run_address>0x1e8c</run_address>
         <size>0x2a3</size>
         <input_file_ref idref="fl-8"/>
      </object_component>
      <object_component id="oc-15b">
         <name>.debug_info</name>
         <load_address>0x212f</load_address>
         <run_address>0x212f</run_address>
         <size>0x28d</size>
         <input_file_ref idref="fl-8"/>
      </object_component>
      <object_component id="oc-161">
         <name>.debug_info</name>
         <load_address>0x23bc</load_address>
         <run_address>0x23bc</run_address>
         <size>0x27b</size>
         <input_file_ref idref="fl-8"/>
      </object_component>
      <object_component id="oc-167">
         <name>.debug_info</name>
         <load_address>0x2637</load_address>
         <run_address>0x2637</run_address>
         <size>0x291</size>
         <input_file_ref idref="fl-8"/>
      </object_component>
      <object_component id="oc-16d">
         <name>.debug_info</name>
         <load_address>0x28c8</load_address>
         <run_address>0x28c8</run_address>
         <size>0x273</size>
         <input_file_ref idref="fl-8"/>
      </object_component>
      <object_component id="oc-26f">
         <name>.debug_info</name>
         <load_address>0x2b3b</load_address>
         <run_address>0x2b3b</run_address>
         <size>0x295</size>
         <input_file_ref idref="fl-8"/>
      </object_component>
      <object_component id="oc-103">
         <name>.debug_info</name>
         <load_address>0x2dd0</load_address>
         <run_address>0x2dd0</run_address>
         <size>0x199</size>
         <input_file_ref idref="fl-8"/>
      </object_component>
      <object_component id="oc-172">
         <name>.debug_info</name>
         <load_address>0x2f69</load_address>
         <run_address>0x2f69</run_address>
         <size>0x8b</size>
         <input_file_ref idref="fl-8"/>
      </object_component>
      <object_component id="oc-1c2">
         <name>.debug_info</name>
         <load_address>0x2ff4</load_address>
         <run_address>0x2ff4</run_address>
         <size>0x46</size>
         <input_file_ref idref="fl-8"/>
      </object_component>
      <object_component id="oc-286">
         <name>.debug_info</name>
         <load_address>0x303a</load_address>
         <run_address>0x303a</run_address>
         <size>0xb2</size>
         <input_file_ref idref="fl-8"/>
      </object_component>
      <object_component id="oc-50">
         <name>.debug_info</name>
         <load_address>0x30ec</load_address>
         <run_address>0x30ec</run_address>
         <size>0x31b</size>
         <input_file_ref idref="fl-f"/>
      </object_component>
      <object_component id="oc-14">
         <name>.debug_info</name>
         <load_address>0x3407</load_address>
         <run_address>0x3407</run_address>
         <size>0xda</size>
         <input_file_ref idref="fl-f"/>
      </object_component>
      <object_component id="oc-2c">
         <name>.debug_info</name>
         <load_address>0x34e1</load_address>
         <run_address>0x34e1</run_address>
         <size>0x10b</size>
         <input_file_ref idref="fl-f"/>
      </object_component>
      <object_component id="oc-34">
         <name>.debug_info</name>
         <load_address>0x35ec</load_address>
         <run_address>0x35ec</run_address>
         <size>0xfb</size>
         <input_file_ref idref="fl-f"/>
      </object_component>
      <object_component id="oc-38">
         <name>.debug_info</name>
         <load_address>0x36e7</load_address>
         <run_address>0x36e7</run_address>
         <size>0x101</size>
         <input_file_ref idref="fl-f"/>
      </object_component>
      <object_component id="oc-3e">
         <name>.debug_info</name>
         <load_address>0x37e8</load_address>
         <run_address>0x37e8</run_address>
         <size>0x113</size>
         <input_file_ref idref="fl-f"/>
      </object_component>
      <object_component id="oc-1e8">
         <name>.debug_info</name>
         <load_address>0x38fb</load_address>
         <run_address>0x38fb</run_address>
         <size>0x2f8</size>
         <input_file_ref idref="fl-14"/>
      </object_component>
      <object_component id="oc-2c8">
         <name>.debug_info</name>
         <load_address>0x3bf3</load_address>
         <run_address>0x3bf3</run_address>
         <size>0x1df</size>
         <input_file_ref idref="fl-14"/>
      </object_component>
      <object_component id="oc-2b6">
         <name>.debug_info</name>
         <load_address>0x3dd2</load_address>
         <run_address>0x3dd2</run_address>
         <size>0x1e7</size>
         <input_file_ref idref="fl-14"/>
      </object_component>
      <object_component id="oc-118">
         <name>.debug_info</name>
         <load_address>0x3fb9</load_address>
         <run_address>0x3fb9</run_address>
         <size>0x23c</size>
         <input_file_ref idref="fl-14"/>
      </object_component>
      <object_component id="oc-49c">
         <name>.debug_info</name>
         <load_address>0x41f5</load_address>
         <run_address>0x41f5</run_address>
         <size>0x268</size>
         <input_file_ref idref="fl-14"/>
      </object_component>
      <object_component id="oc-111">
         <name>.debug_info</name>
         <load_address>0x445d</load_address>
         <run_address>0x445d</run_address>
         <size>0x213</size>
         <input_file_ref idref="fl-14"/>
      </object_component>
      <object_component id="oc-1d1">
         <name>.debug_info</name>
         <load_address>0x4670</load_address>
         <run_address>0x4670</run_address>
         <size>0x110</size>
         <input_file_ref idref="fl-14"/>
      </object_component>
      <object_component id="oc-f7">
         <name>.debug_info</name>
         <load_address>0x4780</load_address>
         <run_address>0x4780</run_address>
         <size>0x7b4</size>
         <input_file_ref idref="fl-16"/>
      </object_component>
      <object_component id="oc-97">
         <name>.debug_info</name>
         <load_address>0x4f34</load_address>
         <run_address>0x4f34</run_address>
         <size>0x31c</size>
         <input_file_ref idref="fl-16"/>
      </object_component>
      <object_component id="oc-107">
         <name>.debug_info</name>
         <load_address>0x5250</load_address>
         <run_address>0x5250</run_address>
         <size>0x118</size>
         <input_file_ref idref="fl-16"/>
      </object_component>
      <object_component id="oc-2cd">
         <name>.debug_info</name>
         <load_address>0x5368</load_address>
         <run_address>0x5368</run_address>
         <size>0x118</size>
[...]
      <symbol id="sm-359">
         <name>xTaskGetTickCount</name>
         <value>0x4409</value>
         <object_component_ref idref="oc-266"/>
      </symbol>
      <symbol id="sm-35a">
         <name>xTaskGenericCreate</name>
         <value>0x194d</value>
         <object_component_ref idref="oc-137"/>
      </symbol>
      <symbol id="sm-35b">
         <name>uxTaskGetSystemState</name>
         <value>0x27d1</value>
         <object_component_ref idref="oc-219"/>
      </symbol>
      <symbol id="sm-35c">
         <name>pxCurrentTCB</name>
         <value>0x20006e18</value>
         <object_component_ref idref="oc-96"/>
      </symbol>
      <symbol id="sm-35d">
         <name>xTaskIncrementTick</name>
         <value>0x1cc5</value>
         <object_component_ref idref="oc-a3"/>
      </symbol>
      <symbol id="sm-35e">
         <name>vTaskSwitchContext</name>
         <value>0x2a35</value>
         <object_component_ref idref="oc-9c"/>
      </symbol>
      <symbol id="sm-3bd">
         <name>ulMaxSyscallInterruptPriority</name>
         <value>0x4638</value>
         <object_component_ref idref="oc-99"/>
      </symbol>
      <symbol id="sm-3be">
         <name>vPortSetupTimerInterrupt</name>
         <value>0x439d</value>
         <object_component_ref idref="oc-383"/>
      </symbol>
      <symbol id="sm-3bf">
         <name>xPortSysTickHandler</name>
         <value>0x4215</value>
         <object_component_ref idref="oc-48"/>
      </symbol>
      <symbol id="sm-3c0">
         <name>pxPortInitialiseStack</name>
         <value>0x39a1</value>
         <object_component_ref idref="oc-1fa"/>
      </symbol>
      <symbol id="sm-3c1">
         <name>vPortExitCritical</name>
         <value>0x4335</value>
         <object_component_ref idref="oc-20c"/>
      </symbol>
      <symbol id="sm-3c2">
         <name>xPortStartScheduler</name>
         <value>0x3e79</value>
         <object_component_ref idref="oc-257"/>
      </symbol>
      <symbol id="sm-3c3">
         <name>vPortEnterCritical</name>
         <value>0x42b9</value>
         <object_component_ref idref="oc-200"/>
      </symbol>
      <symbol id="sm-3d2">
         <name>vPortStartFirstTask</name>
         <value>0x2951</value>
         <object_component_ref idref="oc-43"/>
      </symbol>
      <symbol id="sm-3d3">
         <name>ulPortGetIPSR</name>
         <value>0x28b9</value>
         <object_component_ref idref="oc-43"/>
      </symbol>
      <symbol id="sm-3d4">
         <name>vPortEnableVFP</name>
         <value>0x296d</value>
         <object_component_ref idref="oc-43"/>
      </symbol>
      <symbol id="sm-3d5">
         <name>xPortPendSVHandler</name>
         <value>0x28d1</value>
         <object_component_ref idref="oc-43"/>
      </symbol>
      <symbol id="sm-3d6">
         <name>vPortSVCHandler</name>
         <value>0x2931</value>
         <object_component_ref idref="oc-43"/>
      </symbol>
      <symbol id="sm-42f">
         <name>pvPortMalloc</name>
         <value>0x2115</value>
         <object_component_ref idref="oc-213"/>
      </symbol>
      <symbol id="sm-430">
         <name>vPortFree</name>
         <value>0x362d</value>
         <object_component_ref idref="oc-231"/>
      </symbol>
      <symbol id="sm-45c">
         <name>scalbn</name>
         <value>0x1ef5</value>
         <object_component_ref idref="oc-445"/>
      </symbol>
      <symbol id="sm-45d">
         <name>scalbnl</name>
         <value>0x1ef5</value>
         <object_component_ref idref="oc-445"/>
      </symbol>
      <symbol id="sm-45e">
         <name>ldexpl</name>
         <value>0x1ef5</value>
         <object_component_ref idref="oc-445"/>
      </symbol>
      <symbol id="sm-45f">
         <name>ldexp</name>
         <value>0x1ef5</value>
         <object_component_ref idref="oc-445"/>
      </symbol>
      <symbol id="sm-48b">
         <name>printf</name>
         <value>0x355d</value>
         <object_component_ref idref="oc-143"/>
      </symbol>
      <symbol id="sm-5f5">
         <name>__TI_printfi</name>
         <value>0x26d</value>
         <object_component_ref idref="oc-238"/>
      </symbol>
      <symbol id="sm-617">
         <name>sprintf</name>
         <value>0x3efd</value>
         <object_component_ref idref="oc-225"/>
      </symbol>
      <symbol id="sm-62d">
         <name>putc</name>
         <value>0x2d69</value>
         <object_component_ref idref="oc-375"/>
      </symbol>
      <symbol id="sm-62e">
         <name>fputc</name>
         <value>0x2d69</value>
         <object_component_ref idref="oc-375"/>
      </symbol>
      <symbol id="sm-651">
         <name>fputs</name>
         <value>0x1de1</value>
         <object_component_ref idref="oc-36e"/>
      </symbol>
      <symbol id="sm-669">
         <name>__TI_wrt_ok</name>
         <value>0x37c5</value>
         <object_component_ref idref="oc-476"/>
      </symbol>
      <symbol id="sm-685">
         <name>setvbuf</name>
         <value>0x26f5</value>
         <object_component_ref idref="oc-4f8"/>
      </symbol>
      <symbol id="sm-69c">
         <name>__aeabi_dsub</name>
         <value>0x1395</value>
         <object_component_ref idref="oc-41f"/>
      </symbol>
      <symbol id="sm-69d">
         <name>__aeabi_dadd</name>
         <value>0x139f</value>
         <object_component_ref idref="oc-41f"/>
      </symbol>
      <symbol id="sm-6bf">
         <name>__aeabi_cdcmpeq</name>
         <value>0x2e81</value>
         <object_component_ref idref="oc-325"/>
      </symbol>
      <symbol id="sm-6c0">
         <name>__aeabi_cdcmple</name>
         <value>0x2e81</value>
         <object_component_ref idref="oc-325"/>
      </symbol>
      <symbol id="sm-6c1">
         <name>__aeabi_cdrcmple</name>
         <value>0x2f07</value>
         <object_component_ref idref="oc-40a"/>
      </symbol>
      <symbol id="sm-6d5">
         <name>__aeabi_ddiv</name>
         <value>0x1815</value>
         <object_component_ref idref="oc-405"/>
      </symbol>
      <symbol id="sm-6e0">
         <name>__aeabi_dmul</name>
         <value>0x241d</value>
         <object_component_ref idref="oc-400"/>
      </symbol>
      <symbol id="sm-6ea">
         <name>__aeabi_d2iz</name>
         <value>0x3cd9</value>
         <object_component_ref idref="oc-40f"/>
      </symbol>
      <symbol id="sm-6f6">
         <name>__aeabi_i2d</name>
         <value>0x418f</value>
         <object_component_ref idref="oc-41a"/>
      </symbol>
      <symbol id="sm-711">
         <name>memcpy</name>
         <value>0x2b9f</value>
         <object_component_ref idref="oc-5c"/>
      </symbol>
      <symbol id="sm-712">
         <name>__aeabi_memcpy</name>
         <value>0x2b9f</value>
         <object_component_ref idref="oc-5c"/>
      </symbol>
      <symbol id="sm-713">
         <name>__aeabi_memcpy8</name>
         <value>0x2b9f</value>
         <object_component_ref idref="oc-5c"/>
      </symbol>
      <symbol id="sm-714">
         <name>__aeabi_memcpy4</name>
         <value>0x2b9f</value>
         <object_component_ref idref="oc-5c"/>
      </symbol>
      <symbol id="sm-724">
         <name>__aeabi_memset</name>
         <value>0x300f</value>
         <object_component_ref idref="oc-cb"/>
      </symbol>
      <symbol id="sm-725">
         <name>memset</name>
         <value>0x3015</value>
         <object_component_ref idref="oc-cb"/>
      </symbol>
      <symbol id="sm-726">
         <name>__aeabi_memset8</name>
         <value>0x300f</value>
         <object_component_ref idref="oc-cb"/>
      </symbol>
      <symbol id="sm-727">
         <name>__aeabi_memset4</name>
         <value>0x300f</value>
         <object_component_ref idref="oc-cb"/>
      </symbol>
      <symbol id="sm-728">
         <name>__aeabi_memclr8</name>
         <value>0x300d</value>
         <object_component_ref idref="oc-cb"/>
      </symbol>
      <symbol id="sm-729">
         <name>__aeabi_memclr4</name>
         <value>0x300d</value>
         <object_component_ref idref="oc-cb"/>
      </symbol>
      <symbol id="sm-72a">
         <name>__aeabi_memclr</name>
         <value>0x300d</value>
         <object_component_ref idref="oc-cb"/>
      </symbol>
      <symbol id="sm-738">
         <name>__aeabi_uldivmod</name>
         <value>0x2cd3</value>
         <object_component_ref idref="oc-3f9"/>
      </symbol>
      <symbol id="sm-74a">
         <name>__TI_zero_init</name>
         <value>0x448b</value>
         <object_component_ref idref="oc-6e"/>
      </symbol>
      <symbol id="sm-761">
         <name>__TI_decompress_none</name>
         <value>0x4471</value>
         <object_component_ref idref="oc-1c"/>
      </symbol>
      <symbol id="sm-784">
         <name>__TI_decompress_lzss</name>
         <value>0x34f5</value>
         <object_component_ref idref="oc-16"/>
      </symbol>
      <symbol id="sm-7aa">
         <name>C$$EXIT</name>
         <value>0x44cf</value>
         <object_component_ref idref="oc-178"/>
      </symbol>
      <symbol id="sm-7ab">
         <name>abort</name>
         <value>0x44cf</value>
         <object_component_ref idref="oc-178"/>
      </symbol>
      <symbol id="sm-7ac">
         <name>__TI_dtors_ptr</name>
         <value>0x20006e5c</value>
         <object_component_ref idref="oc-28c"/>
      </symbol>
      <symbol id="sm-7ad">
         <name>__TI_cleanup_ptr</name>
         <value>0x20006e58</value>
         <object_component_ref idref="oc-28c"/>
      </symbol>
      <symbol id="sm-7ae">
         <name>__TI_enable_exit_profile_output</name>
         <value>0x20006e60</value>
         <object_component_ref idref="oc-28c"/>
      </symbol>
      <symbol id="sm-7af">
         <name>exit</name>
         <value>0x3c91</value>
         <object_component_ref idref="oc-17e"/>
      </symbol>
      <symbol id="sm-7c4">
         <name>_nop</name>
         <value>0x2113</value>
         <object_component_ref idref="oc-360"/>
      </symbol>
      <symbol id="sm-7c5">
         <name>_lock</name>
         <value>0x20006e64</value>
         <object_component_ref idref="oc-23e"/>
      </symbol>
      <symbol id="sm-7c6">
         <name>_unlock</name>
         <value>0x20006e68</value>
         <object_component_ref idref="oc-23e"/>
      </symbol>
      <symbol id="sm-7d5">
         <name>__TI_ltoa</name>
         <value>0x3b03</value>
         <object_component_ref idref="oc-414"/>
      </symbol>
      <symbol id="sm-7eb">
         <name>atoi</name>
         <value>0x3c45</value>
         <object_component_ref idref="oc-319"/>
      </symbol>
      <symbol id="sm-7f6">
         <name>_ctypes_</name>
         <value>0x44d4</value>
         <object_component_ref idref="oc-3f4"/>
      </symbol>
      <symbol id="sm-80b">
         <name>__TI_tmpnams</name>
         <value>0x20005170</value>
      </symbol>
      <symbol id="sm-80c">
         <name>__aeabi_stdout</name>
         <value>0x20006e50</value>
         <object_component_ref idref="oc-57f"/>
      </symbol>
      <symbol id="sm-80d">
         <name>__aeabi_stderr</name>
         <value>0x20006e54</value>
         <object_component_ref idref="oc-57f"/>
      </symbol>
      <symbol id="sm-80e">
         <name>__aeabi_stdin</name>
         <value>0x20006e4c</value>
         <object_component_ref idref="oc-57f"/>
      </symbol>
      <symbol id="sm-80f">
         <name>_ftable</name>
         <value>0x20006c60</value>
         <object_component_ref idref="oc-241"/>
      </symbol>
      <symbol id="sm-810">
         <name>__TI_ft_end</name>
         <value>0x20006e48</value>
         <object_component_ref idref="oc-57f"/>
      </symbol>
      <symbol id="sm-820">
         <name>memccpy</name>
         <value>0x4319</value>
         <object_component_ref idref="oc-342"/>
      </symbol>
      <symbol id="sm-830">
         <name>memchr</name>
         <value>0x42dd</value>
         <object_component_ref idref="oc-47c"/>
      </symbol>
      <symbol id="sm-8b9">
         <name>_sys_memory</name>
         <value>0x20006460</value>
         <object_component_ref idref="oc-25"/>
      </symbol>
      <symbol id="sm-8ba">
         <name>free</name>
         <value>0x2611</value>
         <object_component_ref idref="oc-529"/>
      </symbol>
      <symbol id="sm-8bb">
         <name>memalign</name>
         <value>0x221d</value>
         <object_component_ref idref="oc-572"/>
      </symbol>
      <symbol id="sm-8bc">
         <name>malloc</name>
         <value>0x44b5</value>
         <object_component_ref idref="oc-52f"/>
      </symbol>
      <symbol id="sm-8bd">
         <name>aligned_alloc</name>
         <value>0x221d</value>
         <object_component_ref idref="oc-572"/>
      </symbol>
      <symbol id="sm-8cd">
         <name>strchr</name>
         <value>0x43b5</value>
         <object_component_ref idref="oc-44b"/>
      </symbol>
      <symbol id="sm-8dc">
         <name>strcmp</name>
         <value>0x4383</value>
         <object_component_ref idref="oc-62e"/>
      </symbol>
      <symbol id="sm-8ea">
         <name>strcpy</name>
         <value>0x43df</value>
         <object_component_ref idref="oc-301"/>
      </symbol>
      <symbol id="sm-8f8">
         <name>strlen</name>
         <value>0x43f3</value>
         <object_component_ref idref="oc-22b"/>
      </symbol>
      <symbol id="sm-90b">
         <name>__stack</name>
         <value>0x20005460</value>
         <object_component_ref idref="oc-28"/>
      </symbol>
      <symbol id="sm-90c">
         <name>_c_int00_noargs</name>
         <value>0x40cd</value>
         <object_component_ref idref="oc-7a"/>
      </symbol>
      <symbol id="sm-926">
         <name>write</name>
         <value>0x4291</value>
         <object_component_ref idref="oc-488"/>
      </symbol>
      <symbol id="sm-937">
         <name>_stream</name>
         <value>0x20006dc8</value>
         <object_component_ref idref="oc-504"/>
      </symbol>
      <symbol id="sm-938">
         <name>_device</name>
         <value>0x20006d50</value>
         <object_component_ref idref="oc-548"/>
      </symbol>
      <symbol id="sm-94e">
         <name>__aeabi_errno_addr</name>
         <value>0x44ad</value>
         <object_component_ref idref="oc-34e"/>
      </symbol>
      <symbol id="sm-94f">
         <name>errno</name>
         <value>0x20006e84</value>
         <object_component_ref idref="oc-45b"/>
      </symbol>
      <symbol id="sm-968">
         <name>wcslen</name>
         <value>0x441d</value>
         <object_component_ref idref="oc-348"/>
      </symbol>
      <symbol id="sm-972">
         <name>copysign</name>
         <value>0x4351</value>
         <object_component_ref idref="oc-4d6"/>
      </symbol>
      <symbol id="sm-973">
         <name>copysignl</name>
         <value>0x4351</value>
         <object_component_ref idref="oc-4d6"/>
      </symbol>
      <symbol id="sm-989">
         <name>frexpl</name>
         <value>0x36fd</value>
         <object_component_ref idref="oc-43f"/>
      </symbol>
      <symbol id="sm-98a">
         <name>frexp</name>
         <value>0x36fd</value>
         <object_component_ref idref="oc-43f"/>
      </symbol>
      <symbol id="sm-99a">
         <name>__TI_doflush</name>
         <value>0x3bf9</value>
         <object_component_ref idref="oc-482"/>
      </symbol>
      <symbol id="sm-9aa">
         <name>__TI_cleanup</name>
         <value>0x4065</value>
         <object_component_ref idref="oc-535"/>
      </symbol>
      <symbol id="sm-9bc">
         <name>fseek</name>
         <value>0x3761</value>
         <object_component_ref idref="oc-4f2"/>
      </symbol>
      <symbol id="sm-9c6">
         <name>__aeabi_idiv0</name>
         <value>0x297b</value>
         <object_component_ref idref="oc-4bd"/>
      </symbol>
      <symbol id="sm-9c7">
         <name>__aeabi_ldiv0</name>
         <value>0x297b</value>
         <object_component_ref idref="oc-4bd"/>
      </symbol>
      <symbol id="sm-9ef">
         <name>__TI_auto_init_nobinit_nopinit</name>
         <value>0x3df1</value>
         <object_component_ref idref="oc-184"/>
      </symbol>
      <symbol id="sm-9f9">
         <name>_system_pre_init</name>
         <value>0x44cb</value>
         <object_component_ref idref="oc-d1"/>
      </symbol>
      <symbol id="sm-a0c">
         <name>HOSTclose</name>
         <value>0x3d69</value>
         <object_component_ref idref="oc-58b"/>
      </symbol>
      <symbol id="sm-a1d">
         <name>HOSTlseek</name>
         <value>0x348d</value>
         <object_component_ref idref="oc-59d"/>
      </symbol>
      <symbol id="sm-a2f">
         <name>parmbuf</name>
         <value>0x20005458</value>
      </symbol>
      <symbol id="sm-a30">
         <name>HOSTopen</name>
         <value>0x3829</value>
         <object_component_ref idref="oc-585"/>
      </symbol>
      <symbol id="sm-a41">
         <name>HOSTread</name>
         <value>0x39fd</value>
         <object_component_ref idref="oc-591"/>
      </symbol>
      <symbol id="sm-a52">
         <name>HOSTrename</name>
         <value>0x33b5</value>
         <object_component_ref idref="oc-5a9"/>
      </symbol>
      <symbol id="sm-a63">
         <name>HOSTunlink</name>
         <value>0x3dad</value>
         <object_component_ref idref="oc-5a3"/>
      </symbol>
      <symbol id="sm-a74">
         <name>HOSTwrite</name>
         <value>0x3a55</value>
         <object_component_ref idref="oc-597"/>
      </symbol>
      <symbol id="sm-a98">
         <name>__TI_readmsg</name>
         <value>0x4099</value>
         <object_component_ref idref="oc-5d8"/>
      </symbol>
      <symbol id="sm-a99">
         <name>C$$IO$$</name>
         <value>0x4023</value>
         <object_component_ref idref="oc-5d2"/>
      </symbol>
      <symbol id="sm-a9a">
         <name>__CIOBUF_</name>
         <value>0x20005050</value>
         <object_component_ref idref="oc-5fd"/>
      </symbol>
      <symbol id="sm-a9b">
         <name>__TI_writemsg</name>
         <value>0x3ff5</value>
         <object_component_ref idref="oc-5d2"/>
      </symbol>
      <symbol id="sm-aac">
         <name>lseek</name>
         <value>0x4269</value>
         <object_component_ref idref="oc-521"/>
      </symbol>
      <symbol id="sm-ac1">
         <name>__TI_closefile</name>
         <value>0x3179</value>
         <object_component_ref idref="oc-579"/>
      </symbol>
      <symbol id="sm-ae4">
         <name>finddevice</name>
         <value>0x4101</value>
         <object_component_ref idref="oc-619"/>
      </symbol>
      <symbol id="sm-ae5">
         <name>getdevice</name>
         <value>0x3e35</value>
         <object_component_ref idref="oc-5f3"/>
      </symbol>
      <symbol id="sm-af5">
         <name>strncpy</name>
         <value>0x402d</value>
         <object_component_ref idref="oc-613"/>
      </symbol>
      <symbol id="sm-b0a">
         <name>close</name>
         <value>0x38e9</value>
         <object_component_ref idref="oc-5c1"/>
      </symbol>
      <symbol id="sm-b1a">
         <name>unlink</name>
         <value>0x41e9</value>
         <object_component_ref idref="oc-5c7"/>
      </symbol>
      <symbol id="sm-b38">
         <name>IntMasterDisable</name>
         <value>0x442f</value>
         <object_component_ref idref="oc-1dd"/>
      </symbol>
      <symbol id="sm-b42">
         <name>CPUcpsid</name>
         <value>0x447f</value>
         <object_component_ref idref="oc-2aa"/>
      </symbol>
      <symbol id="sm-b43">
         <name>__TI_static_base__</name>
         <value>0x0</value>
      </symbol>
      <symbol id="sm-b46">
         <name>__mpu_init</name>
         <value>0x0</value>
      </symbol>
      <symbol id="sm-b47">
         <name>_system_post_cinit</name>
         <value>0x0</value>
      </symbol>
      <symbol id="sm-b48">
         <name>remove</name>
         <value>0x41e9</value>
      </symbol>
   </symbol_table>
   <title>Link successful</title>
</link_info>
