******************************************************************************
                  TI ARM Linker PC v20.2.7                     
******************************************************************************
>> Linked Fri Dec  8 18:58:46 2023

OUTPUT FILE NAME:   <hello.out>
ENTRY POINT SYMBOL: "_c_int00_noargs"  address: 00001fc9


MEMORY CONFIGURATION

         name            origin    length      used     unused   attr    fill
----------------------  --------  ---------  --------  --------  ----  --------
  FLASH                 00000000   00040000  000023ba  0003dc46  R  X
  SRAM                  20000000   00008000  00006390  00001c70  RW X


SEGMENT ALLOCATION MAP

run origin  load origin   length   init length attrs members
----------  ----------- ---------- ----------- ----- -------
00000000    00000000    000023c0   000023c0    r-x
  00000000    00000000    0000026c   0000026c    r-- .intvecs
  0000026c    0000026c    00002002   00002002    r-x .text
  00002270    00002270    00000104   00000104    r-- .const
  00002378    00002378    00000048   00000048    r-- .cinit
20000000    20000000    00006398   00000000    rw-
  20000000    20000000    0000026c   00000000    rw- .vtable
  2000026c    2000026c    000050d0   00000000    rw- .bss
  20005340    20005340    00001000   00000000    rw- .stack
  20006340    20006340    00000044   00000000    rw- .data
  20006388    20006388    00000010   00000000    rw- .sysmem


SECTION ALLOCATION MAP

 output                                  attributes/
section   page    origin      length       input sections
--------  ----  ----------  ----------   ----------------
.intvecs   0    00000000    0000026c     
                  00000000    0000026c     startup_ccs.obj (.intvecs)

.text      0    0000026c    00002002     
                  0000026c    0000030c     uartstdio.obj (.text:UARTvprintf)
                  00000578    0000021c     main.obj (.text:main)
                  00000794    0000016c     driverlib.lib : gpio.obj (.text:GPIOPadConfigSet)
                  00000900    00000134     tasks.obj (.text:xTaskGenericCreate)
                  00000a34    00000134     tasks.obj (.text:xTaskIncrementTick)
                  00000b68    00000108     rtos_hw_drivers.obj (.text:PinoutSet)
                  00000c70    00000108     heap_2.obj (.text:pvPortMalloc)
                  00000d78    000000f8     tasks.obj (.text:xTaskResumeAll)
                  00000e70    000000f4     driverlib.lib : sysctl.obj (.text:SysCtlClockSet)
                  00000f64    000000d8     lcd.obj (.text:lcd_init)
                  0000103c    000000d2     portasm.obj (.text)
                  0000110e    00000002     startup_ccs.obj (.text:FaultISR)
                  00001110    000000b8     tasks.obj (.text:vTaskDelayUntil)
                  000011c8    000000b8     tasks.obj (.text:vTaskSwitchContext)
                  00001280    000000a8     Timer.obj (.text:timer_init)
                  00001328    0000009c     rtsv7M4_T_le_v4SPD16_eabi.lib : memcpy_t2.asm.obj (.text)
                  000013c4    00000098     tasks.obj (.text:prvInitialiseTCBVariables)
                  0000145c    0000008b     main.obj (.text:prvDeferrableServer)
                  000014e7    00000001     --HOLE-- [fill = 0]
                  000014e8    00000085     main.obj (.text:prvTask1)
                  0000156d    00000001     --HOLE-- [fill = 0]
                  0000156e    00000002     startup_ccs.obj (.text:IntDefaultHandler)
                  00001570    00000085     main.obj (.text:prvTask2)
                  000015f5    00000001     --HOLE-- [fill = 0]
                  000015f6    00000002     startup_ccs.obj (.text:NmiSR)
                  000015f8    00000085     main.obj (.text:prvTask3)
                  0000167d    00000001     --HOLE-- [fill = 0]
                  0000167e    0000007a     rtsv7M4_T_le_v4SPD16_eabi.lib : memset_t2.asm.obj (.text)
                  000016f8    00000074     uartstdio.obj (.text:UARTStdioConfig)
                  0000176c    00000074     tasks.obj (.text:prvInitialiseTaskLists)
                  000017e0    00000070     Timer.obj (.text:timer_getMicros)
                  00001850    00000070     tasks.obj (.text:vTaskStartScheduler)
                  000018c0    00000068     rtsv7M4_T_le_v4SPD16_eabi.lib : copy_decompress_lzss.c.obj (.text:decompress:lzss:__TI_decompress_lzss)
                  00001928    00000068     tasks.obj (.text:prvCheckTasksWaitingTermination)
                  00001990    00000068     heap_2.obj (.text:vPortFree)
                  000019f8    00000066     list.obj (.text:vListInsert)
                  00001a5e    00000002     rtsv7M4_T_le_v4SPD16_eabi.lib : div0.asm.obj (.text)
                  00001a60    00000064     uartstdio.obj (.text:UARTwrite)
                  00001ac4    0000005e     tasks.obj (.text:prvAllocateTCBAndStack)
                  00001b22    00000002     main.obj (.text:vApplicationIdleHook)
                  00001b24    0000005c     tasks.obj (.text:prvAddCurrentTaskToDelayedList)
                  00001b80    0000005c     port.obj (.text:pxPortInitialiseStack)
                  00001bdc    00000050     heap_2.obj (.text:prvHeapInit)
                  00001c2c    0000004c     driverlib.lib : gpio.obj (.text:GPIOPinConfigure)
                  00001c78    0000004c     lcd.obj (.text:lcd_sendNibble)
                  00001cc4    0000004c     main.obj (.text:prvConfigureUART)
                  00001d10    00000048     Timer.obj (.text:timer_waitMillis)
                  00001d58    00000048     list.obj (.text:uxListRemove)
                  00001da0    00000044     rtsv7M4_T_le_v4SPD16_eabi.lib : autoinit.c.obj (.text:__TI_auto_init_nobinit_nopinit:__TI_auto_init_nobinit_nopinit)
                  00001de4    00000044     lcd.obj (.text:lcd_sendCommand)
                  00001e28    00000044     port.obj (.text:xPortStartScheduler)
                  00001e6c    00000040     rtsv7M4_T_le_v4SPD16_eabi.lib : u_divt2.asm.obj (.text)
                  00001eac    0000003c     lcd.obj (.text:lcd_putc)
                  00001ee8    0000003c     tasks.obj (.text:prvResetNextTaskUnblockTime)
                  00001f24    0000003c     list.obj (.text:vListInsertEnd)
                  00001f60    00000034     driverlib.lib : interrupt.obj (.text:IntRegister)
                  00001f94    00000034                   : sysctl.obj (.text:SysCtlPeripheralEnable)
                  00001fc8    00000034     rtsv7M4_T_le_v4SPD16_eabi.lib : boot_cortex_m.c.obj (.text:_c_int00_noargs:_c_int00_noargs)
                  00001ffc    00000032     Timer.obj (.text:timer_waitMicros)
                  0000202e    00000030     list.obj (.text:vListInitialise)
                  0000205e    0000002c     driverlib.lib : gpio.obj (.text:GPIODirModeSet)
                  0000208a    00000002     --HOLE-- [fill = 0]
                  0000208c    0000002c     port.obj (.text:xPortSysTickHandler)
                  000020b8    00000024     uartstdio.obj (.text:UARTprintf)
                  000020dc    00000024     port.obj (.text:vPortEnterCritical)
                  00002100    0000001c     Timer.obj (.text:timer_clockTickHandler)
                  0000211c    0000001c     port.obj (.text:vPortExitCritical)
                  00002138    0000001c     port.obj (.text:vPortSetupTimerInterrupt)
                  00002154    00000018     driverlib.lib : gpio.obj (.text:GPIOUnlockPin)
                  0000216c    00000018     main.obj (.text:prvSetupHardware)
                  00002184    00000016     driverlib.lib : gpio.obj (.text:GPIOPinTypeUART)
                  0000219a    00000014     tasks.obj (.text:prvDeleteTCB)
                  000021ae    00000002     --HOLE-- [fill = 0]
                  000021b0    00000014     tasks.obj (.text:xTaskGetTickCount)
                  000021c4    00000010     driverlib.lib : interrupt.obj (.text:IntMasterDisable)
                  000021d4    00000010     lcd.obj (.text:lcd_clear)
                  000021e4    00000010     port.obj (.text:prvTaskExitError)
                  000021f4    00000010     list.obj (.text:vListInitialiseItem)
                  00002204    00000010     tasks.obj (.text:vTaskSuspendAll)
                  00002214    0000000e     rtsv7M4_T_le_v4SPD16_eabi.lib : copy_decompress_none.c.obj (.text:decompress:none:__TI_decompress_none)
                  00002222    0000000e     tasks.obj (.text:prvIdleTask)
                  00002230    0000000c     driverlib.lib : cpu.obj (.text:CPUcpsid)
                  0000223c    0000000c     rtsv7M4_T_le_v4SPD16_eabi.lib : copy_zero_init.c.obj (.text:decompress:ZI:__TI_zero_init)
                  00002248    0000000c     main.obj (.text:vApplicationStackOverflowHook)
                  00002254    00000006     startup_ccs.obj (.text:ResetISR)
                  0000225a    00000006     driverlib.lib : sysctl.obj (.text:SysCtlDelay)
                  00002260    00000006                   : uart.obj (.text:UARTClockSourceSet)
                  00002266    00000004     rtsv7M4_T_le_v4SPD16_eabi.lib : pre_init.c.obj (.text:_system_pre_init)
                  0000226a    00000004                                   : exit.c.obj (.text:abort:abort)

.const     0    00002270    00000104     
                  00002270    00000090     driverlib.lib : gpio.obj (.const:g_pui32GPIOBaseAddrs)
                  00002300    00000040     main.obj (.const:$P$T0$1)
                  00002340    00000012     uartstdio.obj (.const:.string)
                  00002352    00000002     --HOLE-- [fill = 0]
                  00002354    0000000c     uartstdio.obj (.const:g_ui32UARTBase)
                  00002360    0000000c     uartstdio.obj (.const:g_ui32UARTPeriph)
                  0000236c    00000004     port.obj (.const)
                  00002370    00000004     uartstdio.obj (.const)

.cinit     0    00002378    00000048     
                  00002378    0000000f     (.cinit..data.load) [load image, compression = lzss]
                  00002387    00000001     --HOLE-- [fill = 0]
                  00002388    0000000c     (__TI_handler_table)
                  00002394    00000004     --HOLE-- [fill = 0]
                  00002398    00000008     (.cinit..bss.load) [load image, compression = zero_init]
                  000023a0    00000008     (.cinit..vtable.load) [load image, compression = zero_init]
                  000023a8    00000018     (__TI_cinit_table)

.init_array 
*          0    00000000    00000000     UNINITIALIZED

.vtable    0    20000000    0000026c     UNINITIALIZED
                  20000000    0000026c     driverlib.lib : interrupt.obj (.vtable)

.bss       0    2000026c    000050d0     UNINITIALIZED
                  2000026c    00004f10     heap_2.obj (.bss:ucHeap)
                  2000517c    00000140     tasks.obj (.bss:pxReadyTasksLists)
                  200052bc    00000014     tasks.obj (.bss:xDelayedTaskList1)
                  200052d0    00000014     tasks.obj (.bss:xDelayedTaskList2)
                  200052e4    00000014     tasks.obj (.bss:xPendingReadyList)
                  200052f8    00000014     tasks.obj (.bss:xSuspendedTaskList)
                  2000530c    00000014     tasks.obj (.bss:xTasksWaitingTermination)
                  20005320    00000008     tasks.obj (.bss)
                  20005328    00000008     heap_2.obj (.bss:xEnd)
                  20005330    00000008     heap_2.obj (.bss:xStart)
                  20005338    00000004     (.common:_timeout_ticks)

.stack     0    20005340    00001000     UNINITIALIZED
                  20005340    00000004     rtsv7M4_T_le_v4SPD16_eabi.lib : boot_cortex_m.c.obj (.stack)
                  20005344    00000ffc     --HOLE--

.data      0    20006340    00000044     UNINITIALIZED
                  20006340    00000030     tasks.obj (.data)
                  20006370    00000008     heap_2.obj (.data)
                  20006378    00000005     uartstdio.obj (.data)
                  2000637d    00000001     Timer.obj (.data)
                  2000637e    00000002     --HOLE--
                  20006380    00000004     port.obj (.data)

.sysmem    0    20006388    00000010     UNINITIALIZED
                  20006388    00000010     rtsv7M4_T_le_v4SPD16_eabi.lib : memory.c.obj (.sysmem)

__llvm_prf_cnts 
*          0    20000000    00000000     UNINITIALIZED

.binit     0    00000000    00000000     

MODULE SUMMARY

       Module                       code   ro data   rw data
       ------                       ----   -------   -------
    .\
       main.obj                     1192   64        0      
       startup_ccs.obj              12     620       0      
       lcd.obj                      436    0         0      
       Timer.obj                    430    0         5      
    +--+----------------------------+------+---------+---------+
       Total:                       2070   684       5      
                                                            
    .\drivers\
       rtos_hw_drivers.obj          264    0         0      
    +--+----------------------------+------+---------+---------+
       Total:                       264    0         0      
                                                            
    .\third_party\FreeRTOS\Source\
       tasks.obj                    2032   0         476    
       list.obj                     298    0         0      
    +--+----------------------------+------+---------+---------+
       Total:                       2330   0         476    
                                                            
    .\third_party\FreeRTOS\Source\portable\CCS\ARM_CM4F\
       port.obj                     312    4         4      
       portasm.obj                  210    0         0      
    +--+----------------------------+------+---------+---------+
       Total:                       522    4         4      
                                                            
    .\third_party\FreeRTOS\Source\portable\MemMang\
       heap_2.obj                   448    0         20264  
    +--+----------------------------+------+---------+---------+
       Total:                       448    0         20264  
                                                            
    .\utils\
       uartstdio.obj                1032   46        5      
    +--+----------------------------+------+---------+---------+
       Total:                       1032   46        5      
                                                            
    C:/ti/TivaWare_C_Series-2.2.0.295/driverlib/ccs/Debug/driverlib.lib
       interrupt.obj                68     0         620    
       gpio.obj                     530    144       0      
       sysctl.obj                   302    0         0      
       cpu.obj                      12     0         0      
       uart.obj                     6      0         0      
    +--+----------------------------+------+---------+---------+
       Total:                       918    144       620    
                                                            
    C:\ti\ccs1230\ccs\tools\compiler\ti-cgt-arm_20.2.7.LTS\lib\rtsv7M4_T_le_v4SPD16_eabi.lib
       memcpy_t2.asm.obj            156    0         0      
       memset_t2.asm.obj            122    0         0      
       copy_decompress_lzss.c.obj   104    0         0      
       autoinit.c.obj               68     0         0      
       u_divt2.asm.obj              64     0         0      
       boot_cortex_m.c.obj          52     0         0      
       copy_decompress_none.c.obj   14     0         0      
       copy_zero_init.c.obj         12     0         0      
       exit.c.obj                   4      0         0      
       pre_init.c.obj               4      0         0      
       div0.asm.obj                 2      0         0      
    +--+----------------------------+------+---------+---------+
       Total:                       602    0         0      
                                                            
       Heap:                        0      0         16     
       Stack:                       0      0         4096   
       Linker Generated:            0      67        0      
    +--+----------------------------+------+---------+---------+
       Grand Total:                 8186   945       25486  


LINKER GENERATED COPY TABLES

__TI_cinit_table @ 000023a8 records: 3, size/record: 8, table size: 24
	.data: load addr=00002378, load size=0000000f bytes, run addr=20006340, run size=00000044 bytes, compression=lzss
	.bss: load addr=00002398, load size=00000008 bytes, run addr=2000026c, run size=000050d0 bytes, compression=zero_init
	.vtable: load addr=000023a0, load size=00000008 bytes, run addr=20000000, run size=0000026c bytes, compression=zero_init


LINKER GENERATED HANDLER TABLE

__TI_handler_table @ 00002388 records: 3, size/record: 4, table size: 12
	index: 0, handler: __TI_zero_init
	index: 1, handler: __TI_decompress_lzss
	index: 2, handler: __TI_decompress_none


GLOBAL SYMBOLS: SORTED ALPHABETICALLY BY Name 

address   name                          
-------   ----                          
0000226b  C$$EXIT                       
00002231  CPUcpsid                      
0000205f  GPIODirModeSet                
00000795  GPIOPadConfigSet              
00001c2d  GPIOPinConfigure              
00002185  GPIOPinTypeUART               
00002155  GPIOUnlockPin                 
000021c5  IntMasterDisable              
00001f61  IntRegister                   
00000b69  PinoutSet                     
00002255  ResetISR                      
00000e71  SysCtlClockSet                
0000225b  SysCtlDelay                   
00001f95  SysCtlPeripheralEnable        
00002261  UARTClockSourceSet            
000016f9  UARTStdioConfig               
000020b9  UARTprintf                    
0000026d  UARTvprintf                   
00001a61  UARTwrite                     
20006340  __STACK_END                   
00001000  __STACK_SIZE                  
20006340  __STACK_TOP                   
00000010  __SYSMEM_SIZE                 
000023a8  __TI_CINIT_Base               
000023c0  __TI_CINIT_Limit              
00002388  __TI_Handler_Table_Base       
00002394  __TI_Handler_Table_Limit      
00001da1  __TI_auto_init_nobinit_nopinit
000018c1  __TI_decompress_lzss          
00002215  __TI_decompress_none          
ffffffff  __TI_pprof_out_hndl           
ffffffff  __TI_prof_data_size           
ffffffff  __TI_prof_data_start          
00000000  __TI_static_base__            
0000223d  __TI_zero_init                
00001a5f  __aeabi_idiv0                 
00001a5f  __aeabi_ldiv0                 
0000167f  __aeabi_memclr                
0000167f  __aeabi_memclr4               
0000167f  __aeabi_memclr8               
00001329  __aeabi_memcpy                
00001329  __aeabi_memcpy4               
00001329  __aeabi_memcpy8               
00001681  __aeabi_memset                
00001681  __aeabi_memset4               
00001681  __aeabi_memset8               
00001e6d  __aeabi_uidiv                 
00001e6d  __aeabi_uidivmod              
ffffffff  __binit__                     
ffffffff  __c_args__                    
UNDEFED   __mpu_init                    
20005340  __stack                       
20000000  __start___llvm_prf_cnts       
20000000  __stop___llvm_prf_cnts        
00001fc9  _c_int00_noargs               
2000637d  _running                      
20006388  _sys_memory                   
UNDEFED   _system_post_cinit            
00002267  _system_pre_init              
20005338  _timeout_ticks                
0000226b  abort                         
ffffffff  binit                         
20000000  g_pfnRAMVectors               
00000000  g_pfnVectors                  
000021d5  lcd_clear                     
00000f65  lcd_init                      
00001ead  lcd_putc                      
00001de5  lcd_sendCommand               
00001c79  lcd_sendNibble                
00000579  main                          
00001329  memcpy                        
00001687  memset                        
00000c71  pvPortMalloc                  
20006340  pxCurrentTCB                  
00001b81  pxPortInitialiseStack         
000017e1  timer_getMicros               
00001281  timer_init                    
00001ffd  timer_waitMicros              
00001d11  timer_waitMillis              
0000236c  ulMaxSyscallInterruptPriority 
0000104d  ulPortGetIPSR                 
00001d59  uxListRemove                  
00001b23  vApplicationIdleHook          
00002249  vApplicationStackOverflowHook 
0000202f  vListInitialise               
000021f5  vListInitialiseItem           
000019f9  vListInsert                   
00001f25  vListInsertEnd                
00001101  vPortEnableVFP                
000020dd  vPortEnterCritical            
0000211d  vPortExitCritical             
00001991  vPortFree                     
000010c5  vPortSVCHandler               
00002139  vPortSetupTimerInterrupt      
000010e5  vPortStartFirstTask           
00001111  vTaskDelayUntil               
00001851  vTaskStartScheduler           
00002205  vTaskSuspendAll               
000011c9  vTaskSwitchContext            
00001065  xPortPendSVHandler            
00001e29  xPortStartScheduler           
0000208d  xPortSysTickHandler           
00000901  xTaskGenericCreate            
000021b1  xTaskGetTickCount             
00000a35  xTaskIncrementTick            
00000d79  xTaskResumeAll                


GLOBAL SYMBOLS: SORTED BY Symbol Address 

address   name                          
-------   ----                          
00000000  __TI_static_base__            
00000000  g_pfnVectors                  
00000010  __SYSMEM_SIZE                 
0000026d  UARTvprintf                   
00000579  main                          
00000795  GPIOPadConfigSet              
00000901  xTaskGenericCreate            
00000a35  xTaskIncrementTick            
00000b69  PinoutSet                     
00000c71  pvPortMalloc                  
00000d79  xTaskResumeAll                
00000e71  SysCtlClockSet                
00000f65  lcd_init                      
00001000  __STACK_SIZE                  
0000104d  ulPortGetIPSR                 
00001065  xPortPendSVHandler            
000010c5  vPortSVCHandler               
000010e5  vPortStartFirstTask           
00001101  vPortEnableVFP                
00001111  vTaskDelayUntil               
000011c9  vTaskSwitchContext            
00001281  timer_init                    
00001329  __aeabi_memcpy                
00001329  __aeabi_memcpy4               
00001329  __aeabi_memcpy8               
00001329  memcpy                        
0000167f  __aeabi_memclr                
0000167f  __aeabi_memclr4               
0000167f  __aeabi_memclr8               
00001681  __aeabi_memset                
00001681  __aeabi_memset4               
00001681  __aeabi_memset8               
00001687  memset                        
000016f9  UARTStdioConfig               
000017e1  timer_getMicros               
00001851  vTaskStartScheduler           
000018c1  __TI_decompress_lzss          
00001991  vPortFree                     
000019f9  vListInsert                   
00001a5f  __aeabi_idiv0                 
00001a5f  __aeabi_ldiv0                 
00001a61  UARTwrite                     
00001b23  vApplicationIdleHook          
00001b81  pxPortInitialiseStack         
00001c2d  GPIOPinConfigure              
00001c79  lcd_sendNibble                
00001d11  timer_waitMillis              
00001d59  uxListRemove                  
00001da1  __TI_auto_init_nobinit_nopinit
00001de5  lcd_sendCommand               
00001e29  xPortStartScheduler           
00001e6d  __aeabi_uidiv                 
00001e6d  __aeabi_uidivmod              
00001ead  lcd_putc                      
00001f25  vListInsertEnd                
00001f61  IntRegister                   
00001f95  SysCtlPeripheralEnable        
00001fc9  _c_int00_noargs               
00001ffd  timer_waitMicros              
0000202f  vListInitialise               
0000205f  GPIODirModeSet                
0000208d  xPortSysTickHandler           
000020b9  UARTprintf                    
000020dd  vPortEnterCritical            
0000211d  vPortExitCritical             
00002139  vPortSetupTimerInterrupt      
00002155  GPIOUnlockPin                 
00002185  GPIOPinTypeUART               
000021b1  xTaskGetTickCount             
000021c5  IntMasterDisable              
000021d5  lcd_clear                     
000021f5  vListInitialiseItem           
00002205  vTaskSuspendAll               
00002215  __TI_decompress_none          
00002231  CPUcpsid                      
0000223d  __TI_zero_init                
00002249  vApplicationStackOverflowHook 
00002255  ResetISR                      
0000225b  SysCtlDelay                   
00002261  UARTClockSourceSet            
00002267  _system_pre_init              
0000226b  C$$EXIT                       
0000226b  abort                         
0000236c  ulMaxSyscallInterruptPriority 
00002388  __TI_Handler_Table_Base       
00002394  __TI_Handler_Table_Limit      
000023a8  __TI_CINIT_Base               
000023c0  __TI_CINIT_Limit              
20000000  __start___llvm_prf_cnts       
20000000  __stop___llvm_prf_cnts        
20000000  g_pfnRAMVectors               
20005338  _timeout_ticks                
20005340  __stack                       
20006340  __STACK_END                   
20006340  __STACK_TOP                   
20006340  pxCurrentTCB                  
2000637d  _running                      
20006388  _sys_memory                   
ffffffff  __TI_pprof_out_hndl           
ffffffff  __TI_prof_data_size           
ffffffff  __TI_prof_data_start          
ffffffff  __binit__                     
ffffffff  __c_args__                    
ffffffff  binit                         
UNDEFED   __mpu_init                    
UNDEFED   _system_post_cinit            

[106 symbols]
